Microchip MPLAB XC8 Compiler V2.32

Linker command line:

-W-3 --edf=C:\Program Files\Microchip\xc8\v2.32\pic\dat\en_msgs.txt -cn \
  -h+dist/default/production\galeoTesterBiModule.X.production.sym \
  --cmf=dist/default/production\galeoTesterBiModule.X.production.cmf -z \
  -Q16LF1939 -oC:\Users\Michel\AppData\Local\Temp\xcAs15b4.4 \
  --defsym=__MPLAB_BUILD=1 \
  -Mdist/default/production/galeoTesterBiModule.X.production.map -E1 \
  -ver=XC8 Compiler --acfsm=1493 -ASTACK=02186h-023EFh -pstack=STACK \
  -ACODE=00h-07FFhx8 -ASTRCODE=00h-03FFFh -ASTRING=00h-0FFhx64 \
  -ACONST=00h-0FFhx64 -AENTRY=00h-0FFhx64 -ACOMMON=070h-07Fh \
  -ABANK0=020h-06Fh -ABANK1=0A0h-0EFh -ABANK2=0120h-016Fh \
  -ABANK3=01A0h-01EFh -ABANK4=0220h-026Fh -ABANK5=02A0h-02EFh \
  -ABANK6=0320h-036Fh -ABANK7=03A0h-03EFh -ABANK8=0420h-046Fh \
  -ABANK9=04A0h-04EFh -ABANK10=0520h-056Fh -ABANK11=05A0h-05EFh \
  -ABANK12=0620h-064Fh -ABIGRAM=02000h-023EFh \
  -ARAM=020h-06Fh,0A0h-0EFh,0120h-016Fh,01A0h-01EFh,0220h-026Fh,02A0h-02EFh,0320h-036Fh,03A0h-03EFh,0420h-046Fh,04A0h-04EFh,0520h-056Fh,05A0h-05EFh,0620h-064Fh \
  -AABS1=020h-07Fh,0A0h-0EFh,0120h-016Fh,01A0h-01EFh,0220h-026Fh,02A0h-02EFh,0320h-036Fh,03A0h-03EFh,0420h-046Fh,04A0h-04EFh,0520h-056Fh,05A0h-05EFh,0620h-064Fh \
  -ASFR0=00h-01Fh -ASFR1=080h-09Fh -ASFR2=0100h-011Fh -ASFR3=0180h-019Fh \
  -ASFR4=0200h-021Fh -ASFR5=0280h-029Fh -ASFR6=0300h-031Fh \
  -ASFR7=0380h-039Fh -ASFR8=0400h-041Fh -ASFR9=0480h-049Fh \
  -ASFR10=0500h-051Fh -ASFR11=0580h-059Fh -ASFR12=0600h-061Fh \
  -ASFR13=0680h-06EFh -ASFR14=0700h-076Fh -ASFR15=0780h-07EFh \
  -ASFR16=0800h-086Fh -ASFR17=0880h-08EFh -ASFR18=0900h-096Fh \
  -ASFR19=0980h-09EFh -ASFR20=0A00h-0A6Fh -ASFR21=0A80h-0AEFh \
  -ASFR22=0B00h-0B6Fh -ASFR23=0B80h-0BEFh -ASFR24=0C00h-0C6Fh \
  -ASFR25=0C80h-0CEFh -ASFR26=0D00h-0D6Fh -ASFR27=0D80h-0DEFh \
  -ASFR28=0E00h-0E6Fh -ASFR29=0E80h-0EEFh -ASFR30=0F00h-0F6Fh \
  -ASFR31=0F80h-0FEFh -ACONFIG=08007h-08008h -DCONFIG=2 \
  -AIDLOC=08000h-08003h -DIDLOC=2 -AEEDATA=00h-0FFh/0F000h \
  -peeprom_data=EEDATA -DEEDATA=2 -DCODE=2 -DSTRCODE=2 -DSTRING=2 -DCONST=2 \
  -DENTRY=2 -preset_vec=00h,intentry=04h,init,end_init -ppowerup=CODE \
  -pcinit=CODE -pfunctab=ENTRY -k \
  C:\Users\Michel\AppData\Local\Temp\xcAs15b4.o \
  dist/default/production\galeoTesterBiModule.X.production.o 

Object code version is 3.11

Machine type is 16LF1939



                Name                               Link     Load   Length Selector   Space Scale
C:\Users\Michel\AppData\Local\Temp\xcAs15b4.o
                end_init                             4A       4A        2        8       0
                reset_vec                             0        0        2        0       0
                config                             8007     8007        2        0       4
                idloc                              8000     8000        4        0       5
dist/default/production\galeoTesterBiModule.X.production.o
                cinit                                4C       4C       46        8       0
                intentry                              4        4       46        8       0
                maintext_split_2                     92       92      5F8        8       0
                maintext_split_1                    DB1      DB1      24F     1B62       0
                config                             8007     8007        2        0       4
                idloc                              8000     8000        4        0       5
                text115                            1C1D     1C1D       1B     383A       0
                text114                            1971     1971        4     32E2       0
                text113                            195B     195B        1     32B6       0
                text112                            1975     1975        4     32EA       0
                text111                            1029     1029       41     2052       0
                text110                            1D29     1D29       22     3A52       0
                text109                            195F     195F        3     32BE       0
                text108                            1962     1962        3     32C4       0
                text107                            1AD5     1AD5       10     35AA       0
                text106                            1E29     1E29       2A     3C52       0
                text105                            1A53     1A53        D     34A6       0
                text104                            1AF5     1AF5       11     35EA       0
                text103                            1B06     1B06       11     360C       0
                text102                            1B17     1B17       11     362E       0
                text101                            1B28     1B28       11     3650       0
                text100                            1BA2     1BA2       18     3744       0
                text99                             195D     195D        2     32BA       0
                text98                                2        2        2        0       0
                text97                             1965     1965        3     32CA       0
                text96                             1979     1979        4     32F2       0
                text95                             1968     1968        3     32D0       0
                text94                             197D     197D        4     32FA       0
                text93                             1989     1989        5     3312       0
                text92                             19BB     19BB        6     3376       0
                text91                             196B     196B        3     32D6       0
                text90                             1F07     1F07       2F     3E0E       0
                text89                             198E     198E        5     331C       0
                text88                             19F1     19F1        9     33E2       0
                text87                             19E1     19E1        8     33C2       0
                text86                             122D     122D       57     245A       0
                text85                             106A     106A       46     20D4       0
                text84                             19D3     19D3        7     33A6       0
                text83                             1993     1993        5     3326       0
                text82                             1998     1998        5     3330       0
                text81                             199D     199D        5     333A       0
                text80                             19A2     19A2        5     3344       0
                text79                             19A7     19A7        5     334E       0
                text78                             19AC     19AC        5     3358       0
                text77                             19B1     19B1        5     3362       0
                text76                             19B6     19B6        5     336C       0
                text75                             1E7F     1E7F       2D     3CFE       0
                text74                             196E     196E        3     32DC       0
                text73                             1ED9     1ED9       2E     3DB2       0
                text72                             1981     1981        4     3302       0
                text70                             1CE7     1CE7       21     39CE       0
                text69                             1A30     1A30        B     3460       0
                text68                             1A3B     1A3B        C     3476       0
                text67                             19C1     19C1        6     3382       0
                text66                             19C7     19C7        6     338E       0
                text65                             1AE5     1AE5       10     35CA       0
                text64                             1B60     1B60       15     36C0       0
                text63                             1BBA     1BBA       18     3774       0
                text62                             1BD2     1BD2       18     37A4       0
                text61                             13CB     13CB       8C     2796       0
                text60                             19E9     19E9        8     33D2       0
                text59                             19FA     19FA        9     33F4       0
                text58                             1A03     1A03        9     3406       0
                text57                             1A0C     1A0C        9     3418       0
                text56                             1A15     1A15        9     342A       0
                text55                             1A1E     1A1E        9     343C       0
                text54                             10B0     10B0       48     2160       0
                text53                              800      800        A     1000       0
                text52                             1A47     1A47        C     348E       0
                text51                             1C8A     1C8A       1F     3914       0
                text50                             1985     1985        4     330A       0
                text49                             1B39     1B39       13     3672       0
                text48                             1CA9     1CA9       1F     3952       0
                text47                             1A60     1A60        D     34C0       0
                text46                             1A27     1A27        9     344E       0
                text45                             1F36     1F36       2F     3E6C       0
                text44                             1BEA     1BEA       19     37D4       0
                text43                             1CC8     1CC8       1F     3990       0
                text42                             118A     118A       51     2314       0
                text41                             1E53     1E53       2C     3CA6       0
                text40                             10F8     10F8       48     21F0       0
                text39                             1A6D     1A6D        D     34DA       0
                text38                             1A7A     1A7A        D     34F4       0
                text37                             1A87     1A87        D     350E       0
                text36                             15D9     15D9      105     2BB2       0
                text35                             14EC     14EC       ED     29D8       0
                text34                             1C6E     1C6E       1C     38DC       0
                text33                             1EAC     1EAC       2D     3D58       0
                text32                             19DA     19DA        7     33B4       0
                text31                             11DB     11DB       52     23B6       0
                text30                             1000     1000       29     1B62       0
                text29                             1C03     1C03       1A     3806       0
                text28                              80A      80A       5C     1014       0
                text27                              68A      68A      170        8       0
                text26                             16DE     16DE      122     2DBC       0
                text25                             1F94     1F94       34     3F28       0
                text24                             1B75     1B75       16     36EA       0
                text23                             1DDA     1DDA       27     3BB4       0
                text22                             1B8B     1B8B       17     3716       0
                text21                             1342     1342       89     2684       0
                text20                             1F65     1F65       2F     3ECA       0
                text19                             1C38     1C38       1B     3870       0
                text18                             1C53     1C53       1B     38A6       0
                text17                             1457     1457       95     28AE       0
                text16                             12DB     12DB       67     25B6       0
                text15                             1A94     1A94        D     3528       0
                text14                             1AA1     1AA1        D     3542       0
                text13                             1AAE     1AAE        D     355C       0
                text12                             1ABB     1ABB        D     3576       0
                text11                             1140     1140       4A     2280       0
                text10                             1284     1284       57     2508       0
                text9                              1D4B     1D4B       23     3A96       0
                text8                              1D6E     1D6E       23     3ADC       0
                text7                              1D91     1D91       23     3B22       0
                text6                               866      866      152     10CC       0
                text5                               9B8      9B8      1B7     1370       0
                text4                              1DB4     1DB4       26     3B68       0
                text3                              1D08     1D08       21     3A10       0
                text2                              1AC8     1AC8        D     3590       0
                text1                              1FC8     1FC8       38     3F90       0
                maintext                            B6F      B6F      242     16DE       0
                cstackBANK0                          20       20       4A       20       1
                cstackCOMMON                         70       70        D       70       1
                cstackBANK1                          A0       A0       3F       A0       1
                cstackBANK2                         120      120       25      120       1
                cstackBANK4                         254      254       12      220       1
                clrtext                            19CD     19CD        6     339A       0
                inittext                            7FA      7FA        6        8       0
                dataBANK4                           240      240       14      220       1
                bssBANK4                            220      220       20      220       1
                dataBANK3                           1A0      1A0       28      1A0       1
                bssBANK3                            1C8      1C8       25      1A0       1
                bssBANK2                            145      145       1C      120       1
                dataBANK1                            EE       EE        1       A0       1
                bssBANK1                             DF       DF        F       A0       1
                bssBANK0                             6A       6A        3       20       1
                bssCOMMON                            7D       7D        1       70       1
                stringtext87                       24D7     24D7        3     4000       0
                stringtext86                       24CF     24CF        8     4000       0
                stringtext85                       24C7     24C7        8     4000       0
                stringtext84                       24BF     24BF        8     4000       0
                stringtext83                       24B7     24B7        8     4000       0
                stringtext82                       24AF     24AF        8     4000       0
                stringtext81                       24A7     24A7        8     4000       0
                stringtext80                       249F     249F        8     4000       0
                stringtext79                       2497     2497        8     4000       0
                stringtext78                       248F     248F        8     4000       0
                stringtext77                       2487     2487        8     4000       0
                stringtext76                       247F     247F        8     4000       0
                stringtext75                       2477     2477        8     4000       0
                stringtext74                       246E     246E        9     4000       0
                stringtext73                       2465     2465        9     4000       0
                stringtext72                       245C     245C        9     4000       0
                stringtext71                       2453     2453        9     4000       0
                stringtext70                       244A     244A        9     4000       0
                stringtext69                       2441     2441        9     4000       0
                stringtext68                       2438     2438        9     4000       0
                stringtext67                       242F     242F        9     4000       0
                stringtext66                       2426     2426        9     4000       0
                stringtext65                       241B     241B        B     4000       0
                stringtext64                       2410     2410        B     4000       0
                stringtext63                       2404     2404        C     4000       0
                stringtext62                       23F8     23F8        C     4000       0
                stringtext61                       23EC     23EC        C     4000       0
                stringtext60                       23E0     23E0        C     4000       0
                stringtext59                       23D4     23D4        C     4000       0
                stringtext58                       23C8     23C8        C     4000       0
                stringtext57                       23BC     23BC        C     4000       0
                stringtext56                       23B0     23B0        C     4000       0
                stringtext55                       23A4     23A4        C     4000       0
                stringtext54                       2398     2398        C     4000       0
                stringtext53                       238C     238C        C     4000       0
                stringtext52                       237F     237F        D     4000       0
                stringtext51                       2372     2372        D     4000       0
                stringtext50                       2365     2365        D     4000       0
                stringtext49                       2358     2358        D     4000       0
                stringtext48                       234B     234B        D     4000       0
                stringtext47                       233E     233E        D     4000       0
                stringtext46                       2331     2331        D     4000       0
                stringtext45                       2324     2324        D     4000       0
                stringtext44                       2317     2317        D     4000       0
                stringtext43                       230A     230A        D     4000       0
                stringtext42                       22FC     22FC        E     4000       0
                stringtext41                       22EE     22EE        E     4000       0
                stringtext40                       22E0     22E0        E     4000       0
                stringtext39                       22D2     22D2        E     4000       0
                stringtext38                       22C3     22C3        F     4000       0
                stringtext37                       22B4     22B4        F     4000       0
                stringtext36                       22A5     22A5        F     4000       0
                stringtext35                       2296     2296        F     4000       0
                stringtext34                       2287     2287        F     4000       0
                stringtext33                       2278     2278        F     4000       0
                stringtext32                       2269     2269        F     4000       0
                stringtext31                       225A     225A        F     4000       0
                stringtext30                       224B     224B        F     4000       0
                stringtext29                       223B     223B       10     4000       0
                stringtext28                       222B     222B       10     4000       0
                stringtext27                       221A     221A       11     4000       0
                stringtext26                       2209     2209       11     4000       0
                stringtext25                       21F8     21F8       11     4000       0
                stringtext24                       21E6     21E6       12     4000       0
                stringtext23                       21D4     21D4       12     4000       0
                stringtext22                       21C2     21C2       12     4000       0
                stringtext21                       21B0     21B0       12     4000       0
                stringtext20                       219E     219E       12     4000       0
                stringtext19                       218C     218C       12     4000       0
                stringtext18                       2179     2179       13     4000       0
                stringtext17                       2166     2166       13     4000       0
                stringtext16                       2152     2152       14     4000       0
                stringtext15                       213E     213E       14     4000       0
                stringtext14                       212A     212A       14     4000       0
                stringtext13                       2115     2115       15     4000       0
                stringtext12                       2100     2100       15     4000       0
                stringtext11                       20EB     20EB       15     4000       0
                stringtext10                       20D6     20D6       15     4000       0
                stringtext9                        20BE     20BE       18     4000       0
                stringtext8                        20A5     20A5       19     4000       0
                stringtext7                        208B     208B       1A     4000       0
                stringtext6                        2071     2071       1A     4000       0
                stringtext5                        2057     2057       1A     4000       0
                stringtext4                        203B     203B       1C     4000       0
                stringtext3                        201F     201F       1C     4000       0
                stringtext2                        2000     2000       1F     4000       0
                stringtext1                        1800     1800       4A     3000       0
                idataBANK4                         1B4C     1B4C       14     3698       0
                idataBANK3                         1E01     1E01       28     3C02       0
                idataBANK1                         195C     195C        1     32B8       0

TOTAL           Name                               Link     Load   Length     Space
        CLASS   STACK          

        CLASS   CODE           
                end_init                             4A       4A        2         0
                cinit                                4C       4C       46         0
                intentry                              4        4       46         0
                reset_vec                             0        0        2         0
                maintext_split_2                     92       92      5F8         0
                maintext_split_1                    DB1      DB1      24F         0
                text115                            1C1D     1C1D       1B         0
                text114                            1971     1971        4         0
                text113                            195B     195B        1         0
                text112                            1975     1975        4         0
                text111                            1029     1029       41         0
                text110                            1D29     1D29       22         0
                text109                            195F     195F        3         0
                text108                            1962     1962        3         0
                text107                            1AD5     1AD5       10         0
                text106                            1E29     1E29       2A         0
                text105                            1A53     1A53        D         0
                text104                            1AF5     1AF5       11         0
                text103                            1B06     1B06       11         0
                text102                            1B17     1B17       11         0
                text101                            1B28     1B28       11         0
                text100                            1BA2     1BA2       18         0
                text99                             195D     195D        2         0
                text98                                2        2        2         0
                text97                             1965     1965        3         0
                text96                             1979     1979        4         0
                text95                             1968     1968        3         0
                text94                             197D     197D        4         0
                text93                             1989     1989        5         0
                text92                             19BB     19BB        6         0
                text91                             196B     196B        3         0
                text90                             1F07     1F07       2F         0
                text89                             198E     198E        5         0
                text88                             19F1     19F1        9         0
                text87                             19E1     19E1        8         0
                text86                             122D     122D       57         0
                text85                             106A     106A       46         0
                text84                             19D3     19D3        7         0
                text83                             1993     1993        5         0
                text82                             1998     1998        5         0
                text81                             199D     199D        5         0
                text80                             19A2     19A2        5         0
                text79                             19A7     19A7        5         0
                text78                             19AC     19AC        5         0
                text77                             19B1     19B1        5         0
                text76                             19B6     19B6        5         0
                text75                             1E7F     1E7F       2D         0
                text74                             196E     196E        3         0
                text73                             1ED9     1ED9       2E         0
                text72                             1981     1981        4         0
                text70                             1CE7     1CE7       21         0
                text69                             1A30     1A30        B         0
                text68                             1A3B     1A3B        C         0
                text67                             19C1     19C1        6         0
                text66                             19C7     19C7        6         0
                text65                             1AE5     1AE5       10         0
                text64                             1B60     1B60       15         0
                text63                             1BBA     1BBA       18         0
                text62                             1BD2     1BD2       18         0
                text61                             13CB     13CB       8C         0
                text60                             19E9     19E9        8         0
                text59                             19FA     19FA        9         0
                text58                             1A03     1A03        9         0
                text57                             1A0C     1A0C        9         0
                text56                             1A15     1A15        9         0
                text55                             1A1E     1A1E        9         0
                text54                             10B0     10B0       48         0
                text53                              800      800        A         0
                text52                             1A47     1A47        C         0
                text51                             1C8A     1C8A       1F         0
                text50                             1985     1985        4         0
                text49                             1B39     1B39       13         0
                text48                             1CA9     1CA9       1F         0
                text47                             1A60     1A60        D         0
                text46                             1A27     1A27        9         0
                text45                             1F36     1F36       2F         0
                text44                             1BEA     1BEA       19         0
                text43                             1CC8     1CC8       1F         0
                text42                             118A     118A       51         0
                text41                             1E53     1E53       2C         0
                text40                             10F8     10F8       48         0
                text39                             1A6D     1A6D        D         0
                text38                             1A7A     1A7A        D         0
                text37                             1A87     1A87        D         0
                text36                             15D9     15D9      105         0
                text35                             14EC     14EC       ED         0
                text34                             1C6E     1C6E       1C         0
                text33                             1EAC     1EAC       2D         0
                text32                             19DA     19DA        7         0
                text31                             11DB     11DB       52         0
                text30                             1000     1000       29         0
                text29                             1C03     1C03       1A         0
                text28                              80A      80A       5C         0
                text27                              68A      68A      170         0
                text26                             16DE     16DE      122         0
                text25                             1F94     1F94       34         0
                text24                             1B75     1B75       16         0
                text23                             1DDA     1DDA       27         0
                text22                             1B8B     1B8B       17         0
                text21                             1342     1342       89         0
                text20                             1F65     1F65       2F         0
                text19                             1C38     1C38       1B         0
                text18                             1C53     1C53       1B         0
                text17                             1457     1457       95         0
                text16                             12DB     12DB       67         0
                text15                             1A94     1A94        D         0
                text14                             1AA1     1AA1        D         0
                text13                             1AAE     1AAE        D         0
                text12                             1ABB     1ABB        D         0
                text11                             1140     1140       4A         0
                text10                             1284     1284       57         0
                text9                              1D4B     1D4B       23         0
                text8                              1D6E     1D6E       23         0
                text7                              1D91     1D91       23         0
                text6                               866      866      152         0
                text5                               9B8      9B8      1B7         0
                text4                              1DB4     1DB4       26         0
                text3                              1D08     1D08       21         0
                text2                              1AC8     1AC8        D         0
                text1                              1FC8     1FC8       38         0
                maintext                            B6F      B6F      242         0
                clrtext                            19CD     19CD        6         0
                inittext                            7FA      7FA        6         0
                idataBANK4                         1B4C     1B4C       14         0
                idataBANK3                         1E01     1E01       28         0
                idataBANK1                         195C     195C        1         0

        CLASS   STRCODE        
                stringtext87                       24D7     24D7        3         0
                stringtext86                       24CF     24CF        8         0
                stringtext85                       24C7     24C7        8         0
                stringtext84                       24BF     24BF        8         0
                stringtext83                       24B7     24B7        8         0
                stringtext82                       24AF     24AF        8         0
                stringtext81                       24A7     24A7        8         0
                stringtext80                       249F     249F        8         0
                stringtext79                       2497     2497        8         0
                stringtext78                       248F     248F        8         0
                stringtext77                       2487     2487        8         0
                stringtext76                       247F     247F        8         0
                stringtext75                       2477     2477        8         0
                stringtext74                       246E     246E        9         0
                stringtext73                       2465     2465        9         0
                stringtext72                       245C     245C        9         0
                stringtext71                       2453     2453        9         0
                stringtext70                       244A     244A        9         0
                stringtext69                       2441     2441        9         0
                stringtext68                       2438     2438        9         0
                stringtext67                       242F     242F        9         0
                stringtext66                       2426     2426        9         0
                stringtext65                       241B     241B        B         0
                stringtext64                       2410     2410        B         0
                stringtext63                       2404     2404        C         0
                stringtext62                       23F8     23F8        C         0
                stringtext61                       23EC     23EC        C         0
                stringtext60                       23E0     23E0        C         0
                stringtext59                       23D4     23D4        C         0
                stringtext58                       23C8     23C8        C         0
                stringtext57                       23BC     23BC        C         0
                stringtext56                       23B0     23B0        C         0
                stringtext55                       23A4     23A4        C         0
                stringtext54                       2398     2398        C         0
                stringtext53                       238C     238C        C         0
                stringtext52                       237F     237F        D         0
                stringtext51                       2372     2372        D         0
                stringtext50                       2365     2365        D         0
                stringtext49                       2358     2358        D         0
                stringtext48                       234B     234B        D         0
                stringtext47                       233E     233E        D         0
                stringtext46                       2331     2331        D         0
                stringtext45                       2324     2324        D         0
                stringtext44                       2317     2317        D         0
                stringtext43                       230A     230A        D         0
                stringtext42                       22FC     22FC        E         0
                stringtext41                       22EE     22EE        E         0
                stringtext40                       22E0     22E0        E         0
                stringtext39                       22D2     22D2        E         0
                stringtext38                       22C3     22C3        F         0
                stringtext37                       22B4     22B4        F         0
                stringtext36                       22A5     22A5        F         0
                stringtext35                       2296     2296        F         0
                stringtext34                       2287     2287        F         0
                stringtext33                       2278     2278        F         0
                stringtext32                       2269     2269        F         0
                stringtext31                       225A     225A        F         0
                stringtext30                       224B     224B        F         0
                stringtext29                       223B     223B       10         0
                stringtext28                       222B     222B       10         0
                stringtext27                       221A     221A       11         0
                stringtext26                       2209     2209       11         0
                stringtext25                       21F8     21F8       11         0
                stringtext24                       21E6     21E6       12         0
                stringtext23                       21D4     21D4       12         0
                stringtext22                       21C2     21C2       12         0
                stringtext21                       21B0     21B0       12         0
                stringtext20                       219E     219E       12         0
                stringtext19                       218C     218C       12         0
                stringtext18                       2179     2179       13         0
                stringtext17                       2166     2166       13         0
                stringtext16                       2152     2152       14         0
                stringtext15                       213E     213E       14         0
                stringtext14                       212A     212A       14         0
                stringtext13                       2115     2115       15         0
                stringtext12                       2100     2100       15         0
                stringtext11                       20EB     20EB       15         0
                stringtext10                       20D6     20D6       15         0
                stringtext9                        20BE     20BE       18         0
                stringtext8                        20A5     20A5       19         0
                stringtext7                        208B     208B       1A         0
                stringtext6                        2071     2071       1A         0
                stringtext5                        2057     2057       1A         0
                stringtext4                        203B     203B       1C         0
                stringtext3                        201F     201F       1C         0
                stringtext2                        2000     2000       1F         0
                stringtext1                        1800     1800       4A         0

        CLASS   STRING         

        CLASS   CONST          

        CLASS   ENTRY          

        CLASS   COMMON         
                cstackCOMMON                         70       70        D         1
                bssCOMMON                            7D       7D        1         1

        CLASS   BANK0          
                cstackBANK0                          20       20       4A         1
                bssBANK0                             6A       6A        3         1

        CLASS   BANK1          
                cstackBANK1                          A0       A0       3F         1
                dataBANK1                            EE       EE        1         1
                bssBANK1                             DF       DF        F         1

        CLASS   BANK2          
                cstackBANK2                         120      120       25         1
                bssBANK2                            145      145       1C         1

        CLASS   BANK3          
                dataBANK3                           1A0      1A0       28         1
                bssBANK3                            1C8      1C8       25         1

        CLASS   BANK4          
                cstackBANK4                         254      254       12         1
                dataBANK4                           240      240       14         1
                bssBANK4                            220      220       20         1

        CLASS   BANK5          

        CLASS   BANK6          

        CLASS   BANK7          

        CLASS   BANK8          

        CLASS   BANK9          

        CLASS   BANK10         

        CLASS   BANK11         

        CLASS   BANK12         

        CLASS   BIGRAM         

        CLASS   RAM            

        CLASS   ABS1           
                abs_s1                               7E       7E        2         1

        CLASS   SFR0           

        CLASS   SFR1           

        CLASS   SFR2           

        CLASS   SFR3           

        CLASS   SFR4           

        CLASS   SFR5           

        CLASS   SFR6           

        CLASS   SFR7           

        CLASS   SFR8           

        CLASS   SFR9           

        CLASS   SFR10          

        CLASS   SFR11          

        CLASS   SFR12          

        CLASS   SFR13          

        CLASS   SFR14          

        CLASS   SFR15          

        CLASS   SFR16          

        CLASS   SFR17          

        CLASS   SFR18          

        CLASS   SFR19          

        CLASS   SFR20          

        CLASS   SFR21          

        CLASS   SFR22          

        CLASS   SFR23          

        CLASS   SFR24          

        CLASS   SFR25          

        CLASS   SFR26          

        CLASS   SFR27          

        CLASS   SFR28          

        CLASS   SFR29          

        CLASS   SFR30          

        CLASS   SFR31          

        CLASS   CONFIG         
                config                             8007     8007        2         4

        CLASS   IDLOC          
                idloc                              8000     8000        4         5

        CLASS   EEDATA         

        CLASS   BANK31         

        CLASS   BANK30         

        CLASS   BANK29         

        CLASS   BANK28         

        CLASS   BANK27         

        CLASS   BANK26         

        CLASS   BANK25         

        CLASS   BANK24         

        CLASS   BANK23         

        CLASS   BANK22         

        CLASS   BANK21         

        CLASS   BANK20         

        CLASS   BANK19         

        CLASS   BANK18         

        CLASS   BANK17         

        CLASS   BANK16         

        CLASS   BANK15         

        CLASS   BANK14         

        CLASS   BANK13         



SEGMENTS        Name                           Load    Length   Top    Selector   Space  Class     Delta

                reset_vec                      000000  000004  000004         0       0  CODE        2
                intentry                       000004  0007FC  000800         8       0  CODE        2
                cstackBANK0                    000020  00004D  00006D        20       1  BANK0       1
                cstackCOMMON                   000070  00000E  00007E        70       1  COMMON      1
                cstackBANK1                    0000A0  00004F  0000EF        A0       1  BANK1       1
                cstackBANK2                    000120  000041  000161       120       1  BANK2       1
                dataBANK3                      0001A0  00004D  0001ED       1A0       1  BANK3       1
                bssBANK4                       000220  000046  000266       220       1  BANK4       1
                text53                         000800  00000A  00080A      1000       0  CODE        2
                text28                         00080A  00005C  000866      1014       0  CODE        2
                text6                          000866  000152  0009B8      10CC       0  CODE        2
                text5                          0009B8  0001B7  000B6F      1370       0  CODE        2
                maintext                       000B6F  000242  000DB1      16DE       0  CODE        2
                maintext_split_1               000DB1  000278  001029      1B62       0  CODE        2
                text111                        001029  000041  00106A      2052       0  CODE        2
                text85                         00106A  000046  0010B0      20D4       0  CODE        2
                text54                         0010B0  000048  0010F8      2160       0  CODE        2
                text40                         0010F8  000048  001140      21F0       0  CODE        2
                text11                         001140  00004A  00118A      2280       0  CODE        2
                text42                         00118A  000051  0011DB      2314       0  CODE        2
                text31                         0011DB  000052  00122D      23B6       0  CODE        2
                text86                         00122D  000057  001284      245A       0  CODE        2
                text10                         001284  000057  0012DB      2508       0  CODE        2
                text16                         0012DB  000067  001342      25B6       0  CODE        2
                text21                         001342  000089  0013CB      2684       0  CODE        2
                text61                         0013CB  00008C  001457      2796       0  CODE        2
                text17                         001457  000095  0014EC      28AE       0  CODE        2
                text35                         0014EC  0000ED  0015D9      29D8       0  CODE        2
                text36                         0015D9  000105  0016DE      2BB2       0  CODE        2
                text26                         0016DE  000122  001800      2DBC       0  CODE        2
                stringtext1                    001800  00004A  00184A      3000       0  STRCODE     2
                text113                        00195B  000001  00195C      32B6       0  CODE        2
                idataBANK1                     00195C  000001  00195D      32B8       0  CODE        2
                text99                         00195D  000002  00195F      32BA       0  CODE        2
                text109                        00195F  000003  001962      32BE       0  CODE        2
                text108                        001962  000003  001965      32C4       0  CODE        2
                text97                         001965  000003  001968      32CA       0  CODE        2
                text95                         001968  000003  00196B      32D0       0  CODE        2
                text91                         00196B  000003  00196E      32D6       0  CODE        2
                text74                         00196E  000003  001971      32DC       0  CODE        2
                text114                        001971  000004  001975      32E2       0  CODE        2
                text112                        001975  000004  001979      32EA       0  CODE        2
                text96                         001979  000004  00197D      32F2       0  CODE        2
                text94                         00197D  000004  001981      32FA       0  CODE        2
                text72                         001981  000004  001985      3302       0  CODE        2
                text50                         001985  000004  001989      330A       0  CODE        2
                text93                         001989  000005  00198E      3312       0  CODE        2
                text89                         00198E  000005  001993      331C       0  CODE        2
                text83                         001993  000005  001998      3326       0  CODE        2
                text82                         001998  000005  00199D      3330       0  CODE        2
                text81                         00199D  000005  0019A2      333A       0  CODE        2
                text80                         0019A2  000005  0019A7      3344       0  CODE        2
                text79                         0019A7  000005  0019AC      334E       0  CODE        2
                text78                         0019AC  000005  0019B1      3358       0  CODE        2
                text77                         0019B1  000005  0019B6      3362       0  CODE        2
                text76                         0019B6  000005  0019BB      336C       0  CODE        2
                text92                         0019BB  000006  0019C1      3376       0  CODE        2
                text67                         0019C1  000006  0019C7      3382       0  CODE        2
                text66                         0019C7  000006  0019CD      338E       0  CODE        2
                clrtext                        0019CD  000006  0019D3      339A       0  CODE        2
                text84                         0019D3  000007  0019DA      33A6       0  CODE        2
                text32                         0019DA  000007  0019E1      33B4       0  CODE        2
                text87                         0019E1  000008  0019E9      33C2       0  CODE        2
                text60                         0019E9  000008  0019F1      33D2       0  CODE        2
                text88                         0019F1  000009  0019FA      33E2       0  CODE        2
                text59                         0019FA  000009  001A03      33F4       0  CODE        2
                text58                         001A03  000009  001A0C      3406       0  CODE        2
                text57                         001A0C  000009  001A15      3418       0  CODE        2
                text56                         001A15  000009  001A1E      342A       0  CODE        2
                text55                         001A1E  000009  001A27      343C       0  CODE        2
                text46                         001A27  000009  001A30      344E       0  CODE        2
                text69                         001A30  00000B  001A3B      3460       0  CODE        2
                text68                         001A3B  00000C  001A47      3476       0  CODE        2
                text52                         001A47  00000C  001A53      348E       0  CODE        2
                text105                        001A53  00000D  001A60      34A6       0  CODE        2
                text47                         001A60  00000D  001A6D      34C0       0  CODE        2
                text39                         001A6D  00000D  001A7A      34DA       0  CODE        2
                text38                         001A7A  00000D  001A87      34F4       0  CODE        2
                text37                         001A87  00000D  001A94      350E       0  CODE        2
                text15                         001A94  00000D  001AA1      3528       0  CODE        2
                text14                         001AA1  00000D  001AAE      3542       0  CODE        2
                text13                         001AAE  00000D  001ABB      355C       0  CODE        2
                text12                         001ABB  00000D  001AC8      3576       0  CODE        2
                text2                          001AC8  00000D  001AD5      3590       0  CODE        2
                text107                        001AD5  000010  001AE5      35AA       0  CODE        2
                text65                         001AE5  000010  001AF5      35CA       0  CODE        2
                text104                        001AF5  000011  001B06      35EA       0  CODE        2
                text103                        001B06  000011  001B17      360C       0  CODE        2
                text102                        001B17  000011  001B28      362E       0  CODE        2
                text101                        001B28  000011  001B39      3650       0  CODE        2
                text49                         001B39  000013  001B4C      3672       0  CODE        2
                idataBANK4                     001B4C  000014  001B60      3698       0  CODE        2
                text64                         001B60  000015  001B75      36C0       0  CODE        2
                text24                         001B75  000016  001B8B      36EA       0  CODE        2
                text22                         001B8B  000017  001BA2      3716       0  CODE        2
                text100                        001BA2  000018  001BBA      3744       0  CODE        2
                text63                         001BBA  000018  001BD2      3774       0  CODE        2
                text62                         001BD2  000018  001BEA      37A4       0  CODE        2
                text44                         001BEA  000019  001C03      37D4       0  CODE        2
                text29                         001C03  00001A  001C1D      3806       0  CODE        2
                text115                        001C1D  00001B  001C38      383A       0  CODE        2
                text19                         001C38  00001B  001C53      3870       0  CODE        2
                text18                         001C53  00001B  001C6E      38A6       0  CODE        2
                text34                         001C6E  00001C  001C8A      38DC       0  CODE        2
                text51                         001C8A  00001F  001CA9      3914       0  CODE        2
                text48                         001CA9  00001F  001CC8      3952       0  CODE        2
                text43                         001CC8  00001F  001CE7      3990       0  CODE        2
                text70                         001CE7  000021  001D08      39CE       0  CODE        2
                text3                          001D08  000021  001D29      3A10       0  CODE        2
                text110                        001D29  000022  001D4B      3A52       0  CODE        2
                text9                          001D4B  000023  001D6E      3A96       0  CODE        2
                text8                          001D6E  000023  001D91      3ADC       0  CODE        2
                text7                          001D91  000023  001DB4      3B22       0  CODE        2
                text4                          001DB4  000026  001DDA      3B68       0  CODE        2
                text23                         001DDA  000027  001E01      3BB4       0  CODE        2
                idataBANK3                     001E01  000028  001E29      3C02       0  CODE        2
                text106                        001E29  00002A  001E53      3C52       0  CODE        2
                text41                         001E53  00002C  001E7F      3CA6       0  CODE        2
                text75                         001E7F  00002D  001EAC      3CFE       0  CODE        2
                text33                         001EAC  00002D  001ED9      3D58       0  CODE        2
                text73                         001ED9  00002E  001F07      3DB2       0  CODE        2
                text90                         001F07  00002F  001F36      3E0E       0  CODE        2
                text45                         001F36  00002F  001F65      3E6C       0  CODE        2
                text20                         001F65  00002F  001F94      3ECA       0  CODE        2
                text25                         001F94  000034  001FC8      3F28       0  CODE        2
                text1                          001FC8  000038  002000      3F90       0  CODE        2
                stringtext2                    002000  0004DA  0024DA      4000       0  STRCODE     2


UNUSED ADDRESS RANGES

        Name                Unused          Largest block    Delta
        BANK0            00006D-00006F                3           1
        BANK1            0000EF-0000EF                1           1
        BANK10           000520-00056F               50           1
        BANK11           0005A0-0005EF               50           1
        BANK12           000620-00064F               30           1
        BANK2            000161-00016F                F           1
        BANK3            0001ED-0001EF                3           1
        BANK4            000266-00026F                A           1
        BANK5            0002A0-0002EF               50           1
        BANK6            000320-00036F               50           1
        BANK7            0003A0-0003EF               50           1
        BANK8            000420-00046F               50           1
        BANK9            0004A0-0004EF               50           1
        BIGRAM           002000-0023EF              3F0           1
        CODE             00184A-00195A              111           2
                         0024DA-003FFF              800
        CONST            00184A-00195A               B6           2
                         0024DA-003FFF              100
        EEDATA           00F000-00F0FF              100           2
        ENTRY            00184A-00195A               B6           2
                         0024DA-003FFF              100
        RAM              00006D-00006F                3           1
                         0000EF-0000EF                1
                         000161-00016F                F
                         0001ED-0001EF                3
                         000266-00026F                A
                         0002A0-0002EF               50
                         000320-00036F               50
                         0003A0-0003EF               50
                         000420-00046F               50
                         0004A0-0004EF               50
                         000520-00056F               50
                         0005A0-0005EF               50
                         000620-00064F               30
        SFR0             000000-00001F               20           1
        SFR1             000080-00009F               20           1
        SFR10            000500-00051F               20           1
        SFR11            000580-00059F               20           1
        SFR12            000600-00061F               20           1
        SFR13            000680-0006EF               70           1
        SFR14            000700-00076F               70           1
        SFR15            000780-0007EF               70           1
        SFR16            000800-00086F               70           1
        SFR17            000880-0008EF               70           1
        SFR18            000900-00096F               70           1
        SFR19            000980-0009EF               70           1
        SFR2             000100-00011F               20           1
        SFR20            000A00-000A6F               70           1
        SFR21            000A80-000AEF               70           1
        SFR22            000B00-000B6F               70           1
        SFR23            000B80-000BEF               70           1
        SFR24            000C00-000C6F               70           1
        SFR25            000C80-000CEF               70           1
        SFR26            000D00-000D6F               70           1
        SFR27            000D80-000DEF               70           1
        SFR28            000E00-000E6F               70           1
        SFR29            000E80-000EEF               70           1
        SFR3             000180-00019F               20           1
        SFR30            000F00-000F6F               70           1
        SFR31            000F80-000FEF               70           1
        SFR4             000200-00021F               20           1
        SFR5             000280-00029F               20           1
        SFR6             000300-00031F               20           1
        SFR7             000380-00039F               20           1
        SFR8             000400-00041F               20           1
        SFR9             000480-00049F               20           1
        STACK            002186-0023EF              26A           1
        STRCODE          00184A-00195A              111           2
                         0024DA-003FFF             1B26
        STRING           00184A-00195A               B6           2
                         0024DA-003FFF              100

                                  Symbol Table

?_ADC_GetConversion                            cstackBANK0      000023
?___aodiv                                      cstackBANK0      000023
?___aomod                                      cstackBANK0      000023
?_abs                                          cstackBANK0      000036
?_dtoa                                         cstackBANK0      00003F
?_pad                                          cstackBANK0      000036
?_printf                                       cstackBANK1      0000AD
?_sprintf                                      cstackBANK1      0000AD
?_strcat                                       cstackBANK0      000033
?_strlen                                       cstackBANK0      000023
?_vfpfcnvrt                                    cstackBANK0      00005D
?_vfprintf                                     cstackBANK0      000064
ADC_GetConversion@channel                      cstackBANK0      000026
EUSART_Read@readValue                          cstackBANK0      000024
EUSART_SetErrorHandler@interruptHandler        cstackBANK0      000023
EUSART_SetFramingErrorHandler@interruptHandler cstackBANK0      000023
EUSART_SetOverrunErrorHandler@interruptHandler cstackBANK0      000023
EUSART_SetRxInterruptHandler@interruptHandler  cstackBANK0      000023
EUSART_SetTxInterruptHandler@interruptHandler  cstackBANK0      000023
EUSART_Write@txData                            cstackBANK0      000024
I2C_CallbackReturnReset@funPtr                 cstackCOMMON     000079
I2C_MasterSendTxData@data                      cstackCOMMON     000070
I2C_Master_Write@data                          cstackBANK0      000023
I2C_SetBuffer@buffer                           cstackCOMMON     000073
I2C_SetBuffer@bufferSize                       cstackCOMMON     000070
I2C_SetCallback@cb                             cstackCOMMON     000070
I2C_SetCallback@idx                            cstackCOMMON     000074
I2C_SetCallback@ptr                            cstackCOMMON     000072
I2C_SetDataCompleteCallback@cb                 cstackCOMMON     000075
I2C_SetDataCompleteCallback@ptr                cstackCOMMON     000077
IO_Expander_Write@Data                         cstackBANK0      000024
LCD_CMD@CMD                                    cstackBANK0      000028
LCD_Init@I2C_Add                               cstackBANK0      00002B
LCD_Set_Cursor@COL                             cstackBANK0      000029
LCD_Set_Cursor@ROW                             cstackBANK0      00002C
LCD_Write_4Bit@Nibble                          cstackBANK0      000026
LCD_Write_Char@Data                            cstackBANK0      000028
LCD_Write_String@Str                           cstackBANK0      000029
LCD_Write_String@i                             cstackBANK0      00002C
_ACKDT                                         (abs)            0010B5
_ACKEN                                         (abs)            0010B4
_ACKSTAT                                       (abs)            0010B6
_ADCON0                                        (abs)            00009D
_ADCON0bits                                    (abs)            00009D
_ADCON1                                        (abs)            00009E
_ADC_GetConversion                             text70           001CE7
_ADC_Initialize                                text60           0019E9
_ADRESH                                        (abs)            00009C
_ADRESL                                        (abs)            00009B
_ANSELA                                        (abs)            00018C
_ANSELB                                        (abs)            00018D
_ANSELD                                        (abs)            00018F
_ANSELE                                        (abs)            000190
_APFCON                                        (abs)            00011D
_BAUDCON                                       (abs)            00019F
_BORCON                                        (abs)            000116
_BackLight_State                               dataBANK1        0000EE
_EEADRH                                        (abs)            000192
_EEADRL                                        (abs)            000191
_EECON1bits                                    (abs)            000195
_EECON2                                        (abs)            000196
_EEDATH                                        (abs)            000194
_EEDATL                                        (abs)            000193
_EUSART_DefaultErrorHandler                    text114          001971
_EUSART_DefaultFramingErrorHandler             text113          00195B
_EUSART_DefaultOverrunErrorHandler             text112          001975
_EUSART_ErrorHandler                           bssBANK2         000157
_EUSART_FramingErrorHandler                    bssBANK2         00015B
_EUSART_Initialize                             text54           0010B0
_EUSART_OverrunErrorHandler                    bssBANK2         000159
_EUSART_Read                                   text20           001F65
_EUSART_Receive_ISR                            text111          001029
_EUSART_RxDataHandler                          text115          001C1D
_EUSART_RxDefaultInterruptHandler              bssBANK2         00015D
_EUSART_SetErrorHandler                        text59           0019FA
_EUSART_SetFramingErrorHandler                 text58           001A03
_EUSART_SetOverrunErrorHandler                 text57           001A0C
_EUSART_SetRxInterruptHandler                  text56           001A15
_EUSART_SetTxInterruptHandler                  text55           001A1E
_EUSART_Transmit_ISR                           text110          001D29
_EUSART_TxDefaultInterruptHandler              bssBANK1         0000E5
_EUSART_Write                                  text33           001EAC
_I2C_CallbackReturnReset                       text98           000002
_I2C_CallbackReturnStop                        text99           00195D
_I2C_DO_ADDRESS_NACK                           text75           001E7F
_I2C_DO_IDLE                                   text89           00198E
_I2C_DO_RCEN                                   text84           0019D3
_I2C_DO_RESET                                  text76           0019B6
_I2C_DO_RX                                     text85           00106A
_I2C_DO_RX_ACK                                 text79           0019A7
_I2C_DO_RX_NACK_RESTART                        text77           0019B1
_I2C_DO_RX_NACK_STOP                           text78           0019AC
_I2C_DO_SEND_ADR_READ                          text88           0019F1
_I2C_DO_SEND_ADR_WRITE                         text87           0019E1
_I2C_DO_SEND_RESTART                           text81           00199D
_I2C_DO_SEND_RESTART_READ                      text83           001993
_I2C_DO_SEND_RESTART_WRITE                     text82           001998
_I2C_DO_SEND_STOP                              text80           0019A2
_I2C_DO_TX                                     text86           00122D
_I2C_DO_TX_EMPTY                               text90           001F07
_I2C_Initialize                                text53           000800
_I2C_MasterClearIrq                            text74           00196E
_I2C_MasterEnableRestart                       text109          00195F
_I2C_MasterFsm                                 text73           001ED9
_I2C_MasterGetRxData                           text95           001968
_I2C_MasterIsNack                              text92           0019BB
_I2C_MasterIsr                                 text72           001981
_I2C_MasterSendAck                             text94           00197D
_I2C_MasterSendNack                            text96           001979
_I2C_MasterSendTxData                          text93           001989
_I2C_MasterSetIrq                              text91           00196B
_I2C_MasterStartRx                             text97           001965
_I2C_MasterStop                                text108          001962
_I2C_Master_Init                               text69           001A30
_I2C_Master_Start                              text67           0019C1
_I2C_Master_Stop                               text66           0019C7
_I2C_Master_Wait                               text68           001A3B
_I2C_Master_Write                              text65           001AE5
_I2C_SetBuffer                                 text107          001AD5
_I2C_SetCallback                               text106          001E29
_I2C_SetDataCompleteCallback                   text105          001A53
_I2C_Status                                    bssBANK3         0001C8
_INTCONbits                                    (abs)            00000B
_INTERRUPT_InterruptManager                    intentry         000004
_IO_Expander_Write                             text64           001B60
_LATA                                          (abs)            00010C
_LATAbits                                      (abs)            00010C
_LATB                                          (abs)            00010D
_LATBbits                                      (abs)            00010D
_LATC                                          (abs)            00010E
_LATD                                          (abs)            00010F
_LATE                                          (abs)            000110
_LATEbits                                      (abs)            000110
_LCD_CMD                                       text62           001BD2
_LCD_Clear                                     text46           001A27
_LCD_Init                                      text61           0013CB
_LCD_Set_Cursor                                text45           001F36
_LCD_Write_4Bit                                text63           001BBA
_LCD_Write_Char                                text44           001BEA
_LCD_Write_String                              text43           001CC8
_MSSP_InterruptHandler                         bssBANK1         0000E7
_OPTION_REGbits                                (abs)            000095
_OSCCON                                        (abs)            000099
_OSCILLATOR_Initialize                         text52           001A47
_OSCTUNE                                       (abs)            000098
_PEN                                           (abs)            0010B2
_PIE1bits                                      (abs)            000091
_PIE2bits                                      (abs)            000092
_PIN_MANAGER_Initialize                        text51           001C8A
_PIR1bits                                      (abs)            000011
_PIR2bits                                      (abs)            000012
_PLLR                                          (abs)            0004D6
_PORTCbits                                     (abs)            00000E
_PORTDbits                                     (abs)            00000F
_RCEN                                          (abs)            0010B3
_RCREG                                         (abs)            000199
_RCSTA                                         (abs)            00019D
_RCSTAbits                                     (abs)            00019D
_RS                                            bssBANK1         0000EA
_RSEN                                          (abs)            0010B1
_SEN                                           (abs)            0010B0
_SPBRGH                                        (abs)            00019C
_SPBRGL                                        (abs)            00019B
_SSPADD                                        (abs)            000212
_SSPBUF                                        (abs)            000211
_SSPCON                                        (abs)            000215
_SSPCON1                                       (abs)            000215
_SSPCON1bits                                   (abs)            000215
_SSPCON2                                       (abs)            000216
_SSPCON2bits                                   (abs)            000216
_SSPIF                                         (abs)            00008B
_SSPSTAT                                       (abs)            000214
_SSPSTATbits                                   (abs)            000214
_SYSTEM_Initialize                             text49           001B39
_TRISA                                         (abs)            00008C
_TRISB                                         (abs)            00008D
_TRISC                                         (abs)            00008E
_TRISC3                                        (abs)            000473
_TRISC4                                        (abs)            000474
_TRISD                                         (abs)            00008F
_TRISE                                         (abs)            000090
_TXREG                                         (abs)            00019A
_TXSTA                                         (abs)            00019E
_TXSTAbits                                     (abs)            00019E
_WDTCON                                        (abs)            000097
_WDT_Initialize                                text50           001985
_WPUB                                          (abs)            00020D
_WPUE                                          (abs)            000210
__Habs1                                        abs1             000000
__Hbank0                                       bank0            000000
__Hbank1                                       bank1            000000
__Hbank10                                      bank10           000000
__Hbank11                                      bank11           000000
__Hbank12                                      bank12           000000
__Hbank13                                      bank13           000000
__Hbank14                                      bank14           000000
__Hbank15                                      bank15           000000
__Hbank16                                      bank16           000000
__Hbank17                                      bank17           000000
__Hbank18                                      bank18           000000
__Hbank19                                      bank19           000000
__Hbank2                                       bank2            000000
__Hbank20                                      bank20           000000
__Hbank21                                      bank21           000000
__Hbank22                                      bank22           000000
__Hbank23                                      bank23           000000
__Hbank24                                      bank24           000000
__Hbank25                                      bank25           000000
__Hbank26                                      bank26           000000
__Hbank27                                      bank27           000000
__Hbank28                                      bank28           000000
__Hbank29                                      bank29           000000
__Hbank3                                       bank3            000000
__Hbank30                                      bank30           000000
__Hbank31                                      bank31           000000
__Hbank4                                       bank4            000000
__Hbank5                                       bank5            000000
__Hbank6                                       bank6            000000
__Hbank7                                       bank7            000000
__Hbank8                                       bank8            000000
__Hbank9                                       bank9            000000
__Hbigram                                      bigram           000000
__HbssBANK0                                    bssBANK0         000000
__HbssBANK1                                    bssBANK1         000000
__HbssBANK2                                    bssBANK2         000000
__HbssBANK3                                    bssBANK3         000000
__HbssBANK4                                    bssBANK4         000000
__HbssCOMMON                                   bssCOMMON        000000
__Hcinit                                       cinit            000092
__Hclrtext                                     clrtext          000000
__Hcode                                        code             000000
__Hcommon                                      common           000000
[...]
_strcat                                        text22           001B8B
_strcpy                                        text23           001DDA
_strlen                                        text29           001C03
_testNOK                                       text19           001C38
_testOK                                        text18           001C53
_testR1                                        text9            001D4B
_testR2                                        text8            001D6E
_testR3                                        text7            001D91
_vfpfcnvrt                                     text26           0016DE
_vfprintf                                      text25           001F94
_width                                         bssBANK2         000155
_wr1RegCompleteHandler                         text101          001B28
_wr2RegCompleteHandler                         text104          001AF5
abs@a                                          cstackBANK0      000036
activerBuzzer@i                                cstackBANK0      000024
alerteDefaut@F3753                             dataBANK3        0001A0
alerteDefaut@F3755                             dataBANK3        0001BE
alerteDefaut@eol                               cstackBANK1      0000B7
alerteDefaut@error                             cstackBANK1      0000C1
alerteDefaut@etape                             cstackBANK1      0000B0
alerteDefaut@testAct                           cstackBANK1      0000B2
alerteDefaut@testVoy                           cstackBANK1      0000B4
alerteDefautEtape16@F3808                      dataBANK4        000240
alerteDefautEtape16@F3810                      dataBANK3        0001B4
alerteDefautEtape16@autom                      cstackBANK1      0000DB
alerteDefautEtape16@eol                        cstackBANK2      000120
alerteDefautEtape16@error                      cstackBANK2      00012A
alerteDefautEtape16@etape                      cstackBANK1      0000D7
alerteDefautEtape16@prog                       cstackBANK1      0000DC
alerteDefautEtape16@reponse                    cstackBANK2      000140
alerteDefautEtape16@testAct                    cstackBANK1      0000D9
alerteDefautEtape16@testVoy                    cstackBANK1      0000DA
alimenter@active                               cstackBANK0      000023
attenteAquittement@autom                       cstackBANK1      0000B0
attenteAquittement@reception                   cstackBANK1      0000B6
attenteAquittement@repOperateur                cstackBANK1      0000B7
attenteAquittement@testAct                     cstackBANK1      0000B2
attenteDemarrage3@autom                        cstackBANK1      0000B6
attenteDemarrage3@prog                         cstackBANK1      0000B1
attenteDemarrage3@reception                    cstackBANK1      0000B4
attenteDemarrage3@repOperateur                 cstackBANK1      0000B5
attenteDemarrage3@testAct                      cstackBANK1      0000B0
btemp                                          (abs)            00007E
clear_ram0                                     clrtext          0019CD
displayManager@s1                              cstackBANK0      00002E
displayManager@s2                              cstackBANK0      000030
displayManager@s3                              cstackBANK0      000032
displayManager@s4                              cstackBANK0      000034
dtoa@d                                         cstackBANK0      00003F
dtoa@fp                                        cstackBANK0      00004A
dtoa@i                                         cstackBANK0      00005B
dtoa@n                                         cstackBANK0      000053
dtoa@p                                         cstackBANK0      00004D
dtoa@s                                         cstackBANK0      000051
dtoa@w                                         cstackBANK0      00004F
end_of_initialization                          cinit            00008E
errorAlert@i                                   cstackBANK0      00002A
errorAlert@j                                   cstackBANK0      000028
fputc@c                                        cstackBANK0      000026
fputc@fp                                       cstackBANK0      000028
fputs@c                                        cstackBANK0      000032
fputs@fp                                       cstackBANK0      00002E
fputs@i                                        cstackBANK0      000033
fputs@s                                        cstackBANK0      000035
init_ram                                       inittext         0007FA
initialConditions@autom                        cstackBANK1      0000B4
initialConditions@prog                         cstackBANK1      0000B6
initialConditions@testAct                      cstackBANK1      0000B0
initialConditions@testVoy                      cstackBANK1      0000B2
int$flags                                      (abs)            00007E
intlevel0                                      functab          000000
intlevel1                                      functab          000000
intlevel2                                      functab          000000
intlevel3                                      functab          000000
intlevel4                                      functab          000000
intlevel5                                      functab          000000
ledConforme@active                             cstackBANK0      000023
ledNonConforme@active                          cstackBANK0      000023
ledProgession@active                           cstackBANK0      000023
main@automatique                               cstackBANK4      000263
main@buffer                                    cstackBANK4      000254
main@buffer_1718                               cstackBANK4      000256
main@lectureAN1                                cstackBANK4      000260
main@master                                    cstackBANK4      00025E
main@programmation                             cstackBANK4      000262
main@slaveBUF                                  cstackBANK4      00025D
main@slectureAN1                               cstackBANK4      000258
main@testActif                                 cstackBANK4      000265
main@testLeds                                  cstackBANK4      00025F
main@testVoyants                               cstackBANK4      000264
okAlert@i                                      cstackBANK1      0000B1
pad@buf                                        cstackBANK0      000036
pad@fp                                         cstackBANK0      00003E
pad@i                                          cstackBANK0      00003A
pad@p                                          cstackBANK0      000037
pad@w                                          cstackBANK0      00003C
pnum$maintext                                  (abs)            00006E
pnum$maintext_split_1                          (abs)            0000E4
pnum$maintext_split_2                          (abs)            0000E5
pressBP1@active                                cstackBANK0      000023
pressBP2@active                                cstackBANK0      000023
printf@ap                                      cstackBANK1      0000AF
printf@fmt                                     cstackBANK1      0000AD
psplit$0                                       (abs)            6E00E4
psplit$1                                       (abs)            E400E5
putch@txData                                   cstackBANK0      000025
rd1RegCompleteHandler@ptr                      cstackCOMMON     000079
rd2RegCompleteHandler@ptr                      cstackCOMMON     000079
rdBlkRegCompleteHandler@ptr                    cstackCOMMON     000079
reponseOperateur@automatique                   cstackBANK0      000028
reponseOperateur@reception                     cstackBANK0      000027
reponseOperateur@repOperateur                  cstackBANK0      00002A
reponseOperateur@reponse                       cstackBANK0      000029
reset_vec                                      reset_vec        000000
setHorloge@active                              cstackBANK0      000023
setP1@active                                   cstackBANK0      000023
setP2@active                                   cstackBANK0      000023
sortieErreur@autom                             cstackBANK1      0000B8
sortieErreur@prog                              cstackBANK1      0000BE
sortieErreur@testAct                           cstackBANK1      0000BA
sortieErreur@testVoy                           cstackBANK1      0000BC
sprintf@ap                                     cstackBANK1      0000B3
sprintf@f                                      cstackBANK1      0000B5
sprintf@fmt                                    cstackBANK1      0000AD
sprintf@ret                                    cstackBANK1      0000B1
sprintf@s                                      cstackBANK1      0000B4
start                                          init             00004A
startAlert@i                                   cstackBANK0      000028
start_initialization                           cinit            00004C
strcat@dest                                    cstackBANK0      000033
strcat@src                                     cstackBANK0      000035
strcpy@d                                       cstackBANK0      000031
strcpy@dest                                    cstackBANK0      000027
strcpy@s                                       cstackBANK0      00002F
strcpy@src                                     cstackBANK0      000029
strlen@a                                       cstackBANK0      000025
strlen@s                                       cstackBANK0      000023
testNOK@active                                 cstackBANK0      000024
testNOK@result                                 cstackBANK0      000023
testOK@active                                  cstackBANK0      000024
testOK@result                                  cstackBANK0      000023
testR1@active                                  cstackBANK0      000024
testR1@result                                  cstackBANK0      000023
testR2@active                                  cstackBANK0      000024
testR2@result                                  cstackBANK0      000023
testR3@active                                  cstackBANK0      000024
testR3@result                                  cstackBANK0      000023
vfpfcnvrt@ap                                   cstackBANK0      00005E
vfpfcnvrt@fmt                                  cstackBANK0      00005D
vfpfcnvrt@fp                                   cstackBANK1      0000A9
vfpfcnvrt@ll                                   cstackBANK1      0000A0
vfpfcnvrt@vp                                   cstackBANK1      0000A8
vfprintf@ap                                    cstackBANK0      000066
vfprintf@cfmt                                  cstackBANK1      0000AB
vfprintf@fmt                                   cstackBANK0      000064
vfprintf@fp                                    cstackBANK1      0000AA
wr1RegCompleteHandler@ptr                      cstackCOMMON     000079
wr2RegCompleteHandler@ptr                      cstackCOMMON     000079
wtemp0                                         (abs)            00007E


MODULE INFORMATION

Module		Function		Class		Link	Load	Size
C:\Program Files\Microchip\xc8\v2.32\pic\sources\c99\common\nf_sprintf.c
		_sprintf       		CODE           	1FC8	0000	56

C:\Program Files\Microchip\xc8\v2.32\pic\sources\c99\common\nf_sprintf.c estimated size: 56

C:\Program Files\Microchip\xc8\v2.32\pic\sources\c99\common\doprnt.c
		_vfpfcnvrt     		CODE           	16DE	0000	290
		_pad           		CODE           	080A	0000	92
		_dtoa          		CODE           	068A	0000	368
		_vfprintf      		CODE           	1F94	0000	52

C:\Program Files\Microchip\xc8\v2.32\pic\sources\c99\common\doprnt.c estimated size: 802

mcc_generated_files/interrupt_manager.c
		_INTERRUPT_InterruptManager		CODE           	0004	0000	70

mcc_generated_files/interrupt_manager.c estimated size: 70

mcc_generated_files/examples/i2c_master_example.c
		_wr1RegCompleteHandler		CODE           	1B28	0000	17
		_wr2RegCompleteHandler		CODE           	1AF5	0000	17
		_rdBlkRegCompleteHandler		CODE           	1BA2	0000	24
		_rd1RegCompleteHandler		CODE           	1B06	0000	17
		_rd2RegCompleteHandler		CODE           	1B17	0000	17

mcc_generated_files/examples/i2c_master_example.c estimated size: 92

mcc_generated_files/pin_manager.c
		_PIN_MANAGER_Initialize		CODE           	1C8A	0000	31

mcc_generated_files/pin_manager.c estimated size: 31

C:\Program Files\Microchip\xc8\v2.32\pic\sources\c99\common\nf_fputs.c
		_fputs         		CODE           	1000	0000	41

C:\Program Files\Microchip\xc8\v2.32\pic\sources\c99\common\nf_fputs.c estimated size: 41

mcc_generated_files/adc.c
		_ADC_Initialize		CODE           	19E9	0000	8
		_ADC_GetConversion		CODE           	1CE7	0000	33

mcc_generated_files/adc.c estimated size: 41

C:\Program Files\Microchip\xc8\v2.32\pic\sources\c99\common\abs.c
		_abs           		CODE           	1C6E	0000	28

C:\Program Files\Microchip\xc8\v2.32\pic\sources\c99\common\abs.c estimated size: 28

C:\Program Files\Microchip\xc8\v2.32\pic\sources\c99\common\aomod.c
		___aomod       		CODE           	14EC	0000	237

C:\Program Files\Microchip\xc8\v2.32\pic\sources\c99\common\aomod.c estimated size: 237

shared
		__initialization		CODE           	004C	0000	66
		_i2c_fsmStateTable		STRCODE        	1800	0000	32

shared estimated size: 98

I2C_LCD.c
		_LCD_Init      		CODE           	13CB	0000	140
		_LCD_Write_4Bit		CODE           	1BBA	0000	24
		_LCD_Write_Char		CODE           	1BEA	0000	25
		_LCD_CMD       		CODE           	1BD2	0000	24
		_I2C_Master_Wait		CODE           	1A3B	0000	12
		_I2C_Master_Init		CODE           	1A30	0000	11
		_I2C_Master_Stop		CODE           	19C7	0000	6
		_LCD_Set_Cursor		CODE           	1F36	0000	47
		_LCD_Clear     		CODE           	1A27	0000	9
		_IO_Expander_Write		CODE           	1B60	0000	21
		_I2C_Master_Write		CODE           	1AE5	0000	16
		_I2C_Master_Start		CODE           	19C1	0000	6
		_LCD_Write_String		CODE           	1CC8	0000	31

I2C_LCD.c estimated size: 372

mcc_generated_files/mcc.c
		_WDT_Initialize		CODE           	1985	0000	4
		_OSCILLATOR_Initialize		CODE           	1A47	0000	12
		_SYSTEM_Initialize		CODE           	1B39	0000	19

mcc_generated_files/mcc.c estimated size: 35

display.c
		_displayManager		CODE           	118A	0000	81

display.c estimated size: 81

C:\Program Files\Microchip\xc8\v2.32\pic\sources\c99\common\strcat.c
		_strcat        		CODE           	1B8B	0000	23

C:\Program Files\Microchip\xc8\v2.32\pic\sources\c99\common\strcat.c estimated size: 23

mcc_generated_files/i2c_master.c
		_I2C_MasterStartRx		CODE           	1965	0000	3
		_I2C_DO_SEND_ADR_WRITE		CODE           	19E1	0000	8
		_I2C_DO_SEND_STOP		CODE           	19A2	0000	5
		_I2C_MasterSendNack		CODE           	1979	0000	4
		_I2C_CallbackReturnStop		CODE           	195D	0000	2
		_I2C_DO_SEND_ADR_READ		CODE           	19F1	0000	9
		_I2C_DO_RX_NACK_STOP		CODE           	19AC	0000	5
		_I2C_DO_SEND_RESTART		CODE           	199D	0000	5
		_I2C_DO_RX     		CODE           	106A	0000	70
		_I2C_DO_TX     		CODE           	122D	0000	87
		_I2C_DO_IDLE   		CODE           	198E	0000	5
		_I2C_DO_RCEN   		CODE           	19D3	0000	7
		_I2C_DO_RESET  		CODE           	19B6	0000	5
		_I2C_DO_RX_ACK 		CODE           	19A7	0000	5
		_I2C_MasterClearIrq		CODE           	196E	0000	3
		_I2C_MasterGetRxData		CODE           	1968	0000	3
		_I2C_SetCallback		CODE           	1E29	0000	42
		_I2C_DO_ADDRESS_NACK		CODE           	1E7F	0000	45
		_I2C_MasterEnableRestart		CODE           	195F	0000	3
		_I2C_CallbackReturnReset		CODE           	0002	0000	2
		_I2C_DO_TX_EMPTY		CODE           	1F07	0000	47
		_I2C_DO_SEND_RESTART_WRITE		CODE           	1998	0000	5
		_I2C_MasterIsNack		CODE           	19BB	0000	6
		_I2C_SetDataCompleteCallback		CODE           	1A53	0000	13
		_I2C_DO_RX_NACK_RESTART		CODE           	19B1	0000	5
		_I2C_MasterSendAck		CODE           	197D	0000	4
		_I2C_MasterFsm 		CODE           	1ED9	0000	46
		_I2C_MasterIsr 		CODE           	1981	0000	4
		_I2C_MasterSetIrq		CODE           	196B	0000	3
		_I2C_DO_SEND_RESTART_READ		CODE           	1993	0000	5
		_I2C_Initialize		CODE           	0800	0000	10
		_I2C_SetBuffer 		CODE           	1AD5	0000	16
		_I2C_MasterSendTxData		CODE           	1989	0000	5
		_I2C_MasterStop		CODE           	1962	0000	3

mcc_generated_files/i2c_master.c estimated size: 490

mcc_generated_files/eusart.c
		_EUSART_SetRxInterruptHandler		CODE           	1A15	0000	9
		_EUSART_SetTxInterruptHandler		CODE           	1A1E	0000	9
		_putch         		CODE           	19DA	0000	7
		_EUSART_Read   		CODE           	1F65	0000	47
		_EUSART_DefaultOverrunErrorHandler		CODE           	1975	0000	4
		_EUSART_Write  		CODE           	1EAC	0000	45
		_EUSART_DefaultErrorHandler		CODE           	1971	0000	4
		_EUSART_Transmit_ISR		CODE           	1D29	0000	34
		_EUSART_Initialize		CODE           	10B0	0000	72
		_EUSART_SetFramingErrorHandler		CODE           	1A03	0000	9
		_EUSART_SetErrorHandler		CODE           	19FA	0000	9
		_EUSART_SetOverrunErrorHandler		CODE           	1A0C	0000	9
		_EUSART_Receive_ISR		CODE           	1029	0000	65
		_EUSART_RxDataHandler		CODE           	1C1D	0000	27
		_EUSART_DefaultFramingErrorHandler		CODE           	195B	0000	1

mcc_generated_files/eusart.c estimated size: 351

C:\Program Files\Microchip\xc8\v2.32\pic\sources\c99\common\printf.c
		_printf        		CODE           	1B75	0000	22

C:\Program Files\Microchip\xc8\v2.32\pic\sources\c99\common\printf.c estimated size: 22

C:\Program Files\Microchip\xc8\v2.32\pic\sources\c99\common\nf_fputc.c
		_fputc         		CODE           	11DB	0000	82

C:\Program Files\Microchip\xc8\v2.32\pic\sources\c99\common\nf_fputc.c estimated size: 82

tester.c
		_okAlert       		CODE           	1D08	0000	33
		_testR3        		CODE           	1D91	0000	35
		_alerteDefaut  		CODE           	1342	0000	137
		_initialConditions		CODE           	1140	0000	74
		_attenteDemarrage3		CODE           	09B8	0000	439
		_setHorloge    		CODE           	1AC8	0000	13
		_errorAlert    		CODE           	10F8	0000	72
		_alimenter     		CODE           	1A60	0000	13
		_testR1        		CODE           	1D4B	0000	35
		_ledProgession 		CODE           	1A87	0000	13
		_attenteAquittement		CODE           	12DB	0000	103
		_startAlert    		CODE           	1DB4	0000	38
		_pressBP1      		CODE           	1A94	0000	13
		_pressBP2      		CODE           	1AA1	0000	13
		_testNOK       		CODE           	1C38	0000	27
		_ledConforme   		CODE           	1A6D	0000	13
		_alerteDefautEtape16		CODE           	0866	0000	338
		_testR2        		CODE           	1D6E	0000	35
		_ledNonConforme		CODE           	1A7A	0000	13
		_setP1         		CODE           	1AAE	0000	13
		_testOK        		CODE           	1C53	0000	27
		_activerTouche 		CODE           	1CA9	0000	31
		_activerBuzzer 		CODE           	1E53	0000	44
		_sortieErreur  		CODE           	1284	0000	87
		_setP2         		CODE           	1ABB	0000	13
		_reponseOperateur		CODE           	1457	0000	149

tester.c estimated size: 1821

C:\Program Files\Microchip\xc8\v2.32\pic\sources\c99\common\aodiv.c
		___aodiv       		CODE           	15D9	0000	261

C:\Program Files\Microchip\xc8\v2.32\pic\sources\c99\common\aodiv.c estimated size: 261

main.c
		_main          		CODE           	0B6F	0000	2697

main.c estimated size: 2697

C:\Program Files\Microchip\xc8\v2.32\pic\sources\c99\common\strlen.c
		_strlen        		CODE           	1C03	0000	26

C:\Program Files\Microchip\xc8\v2.32\pic\sources\c99\common\strlen.c estimated size: 26

C:\Program Files\Microchip\xc8\v2.32\pic\sources\c99\common\strcpy.c
		_strcpy        		CODE           	1DDA	0000	39

C:\Program Files\Microchip\xc8\v2.32\pic\sources\c99\common\strcpy.c estimated size: 39

