Microchip MPLAB XC8 Compiler V2.32

Linker command line:

-W-3 --edf=C:\Program Files\Microchip\xc8\v2.32\pic\dat\en_msgs.txt -cn \
  -h+dist/default/production\galeoTesterBiModule.X.production.sym \
  --cmf=dist/default/production\galeoTesterBiModule.X.production.cmf -z \
  -Q16LF1939 -oC:\Users\Michel\AppData\Local\Temp\xcAs13ds.4 \
  --defsym=__MPLAB_BUILD=1 \
  -Mdist/default/production/galeoTesterBiModule.X.production.map -E1 \
  -ver=XC8 Compiler --acfsm=1493 -ASTACK=02186h-023EFh -pstack=STACK \
  -ACODE=00h-07FFhx8 -ASTRCODE=00h-03FFFh -ASTRING=00h-0FFhx64 \
  -ACONST=00h-0FFhx64 -AENTRY=00h-0FFhx64 -ACOMMON=070h-07Fh \
  -ABANK0=020h-06Fh -ABANK1=0A0h-0EFh -ABANK2=0120h-016Fh \
  -ABANK3=01A0h-01EFh -ABANK4=0220h-026Fh -ABANK5=02A0h-02EFh \
  -ABANK6=0320h-036Fh -ABANK7=03A0h-03EFh -ABANK8=0420h-046Fh \
  -ABANK9=04A0h-04EFh -ABANK10=0520h-056Fh -ABANK11=05A0h-05EFh \
  -ABANK12=0620h-064Fh -ABIGRAM=02000h-023EFh \
  -ARAM=020h-06Fh,0A0h-0EFh,0120h-016Fh,01A0h-01EFh,0220h-026Fh,02A0h-02EFh,0320h-036Fh,03A0h-03EFh,0420h-046Fh,04A0h-04EFh,0520h-056Fh,05A0h-05EFh,0620h-064Fh \
  -AABS1=020h-07Fh,0A0h-0EFh,0120h-016Fh,01A0h-01EFh,0220h-026Fh,02A0h-02EFh,0320h-036Fh,03A0h-03EFh,0420h-046Fh,04A0h-04EFh,0520h-056Fh,05A0h-05EFh,0620h-064Fh \
  -ASFR0=00h-01Fh -ASFR1=080h-09Fh -ASFR2=0100h-011Fh -ASFR3=0180h-019Fh \
  -ASFR4=0200h-021Fh -ASFR5=0280h-029Fh -ASFR6=0300h-031Fh \
  -ASFR7=0380h-039Fh -ASFR8=0400h-041Fh -ASFR9=0480h-049Fh \
  -ASFR10=0500h-051Fh -ASFR11=0580h-059Fh -ASFR12=0600h-061Fh \
  -ASFR13=0680h-06EFh -ASFR14=0700h-076Fh -ASFR15=0780h-07EFh \
  -ASFR16=0800h-086Fh -ASFR17=0880h-08EFh -ASFR18=0900h-096Fh \
  -ASFR19=0980h-09EFh -ASFR20=0A00h-0A6Fh -ASFR21=0A80h-0AEFh \
  -ASFR22=0B00h-0B6Fh -ASFR23=0B80h-0BEFh -ASFR24=0C00h-0C6Fh \
  -ASFR25=0C80h-0CEFh -ASFR26=0D00h-0D6Fh -ASFR27=0D80h-0DEFh \
  -ASFR28=0E00h-0E6Fh -ASFR29=0E80h-0EEFh -ASFR30=0F00h-0F6Fh \
  -ASFR31=0F80h-0FEFh -ACONFIG=08007h-08008h -DCONFIG=2 \
  -AIDLOC=08000h-08003h -DIDLOC=2 -AEEDATA=00h-0FFh/0F000h \
  -peeprom_data=EEDATA -DEEDATA=2 -DCODE=2 -DSTRCODE=2 -DSTRING=2 -DCONST=2 \
  -DENTRY=2 -preset_vec=00h,intentry=04h,init,end_init -ppowerup=CODE \
  -pcinit=CODE -pfunctab=ENTRY -k \
  C:\Users\Michel\AppData\Local\Temp\xcAs13ds.o \
  dist/default/production\galeoTesterBiModule.X.production.o 

Object code version is 3.11

Machine type is 16LF1939



                Name                               Link     Load   Length Selector   Space Scale
C:\Users\Michel\AppData\Local\Temp\xcAs13ds.o
                end_init                             4A       4A        2        8       0
                reset_vec                             0        0        2        0       0
                config                             8007     8007        2        0       4
                idloc                              8000     8000        4        0       5
dist/default/production\galeoTesterBiModule.X.production.o
                cinit                                4C       4C       46        8       0
                intentry                              4        4       46        8       0
                maintext_split_2                     92       92      75A        8       0
                maintext_split_1                    DF7      DF7      209     1BEE       0
                config                             8007     8007        2        0       4
                idloc                              8000     8000        4        0       5
                text115                            1BB3     1BB3       1B     3766       0
                text114                            191C     191C        4     3238       0
                text113                            1907     1907        1     320E       0
                text112                            1920     1920        4     3240       0
                text111                            1FBF     1FBF       41     3F7E       0
                text110                            1CBF     1CBF       22     397E       0
                text109                            190A     190A        3     3214       0
                text108                            190D     190D        3     321A       0
                text107                            1A82     1A82       10     3504       0
                text106                            1DE8     1DE8       2A     3BD0       0
                text105                            19FE     19FE        D     33FC       0
                text104                            1AB2     1AB2       11     3564       0
                text103                            1AC3     1AC3       11     3586       0
                text102                            1AD4     1AD4       11     35A8       0
                text101                            1AE5     1AE5       11     35CA       0
                text100                            1B38     1B38       18     3670       0
                text99                             1908     1908        2     3210       0
                text98                                2        2        2        0       0
                text97                             1910     1910        3     3220       0
                text96                             1924     1924        4     3248       0
                text95                             1913     1913        3     3226       0
                text94                             1928     1928        4     3250       0
                text93                             1934     1934        5     3268       0
                text92                             1966     1966        6     32CC       0
                text91                             1916     1916        3     322C       0
                text90                             1EC6     1EC6       2F     3D8C       0
                text89                             1939     1939        5     3272       0
                text88                             199C     199C        9     3338       0
                text87                             198C     198C        8     3318       0
                text86                             11D1     11D1       57     23A2       0
                text85                             100E     100E       46     201C       0
                text84                             197E     197E        7     32FC       0
                text83                             193E     193E        5     327C       0
                text82                             1943     1943        5     3286       0
                text81                             1948     1948        5     3290       0
                text80                             194D     194D        5     329A       0
                text79                             1952     1952        5     32A4       0
                text78                             1957     1957        5     32AE       0
                text77                             195C     195C        5     32B8       0
                text76                             1961     1961        5     32C2       0
                text75                             1E3E     1E3E       2D     3C7C       0
                text74                             1919     1919        3     3232       0
                text73                             1E98     1E98       2E     3D30       0
                text72                             192C     192C        4     3258       0
                text70                             1C7D     1C7D       21     38FA       0
                text69                             19DB     19DB        B     33B6       0
                text68                             1A73     1A73        F     34E6       0
                text67                             19E6     19E6        C     33CC       0
                text66                             196C     196C        6     32D8       0
                text65                             1972     1972        6     32E4       0
                text64                             1A92     1A92       10     3524       0
                text63                             1AF6     1AF6       15     35EC       0
                text62                             1B50     1B50       18     36A0       0
                text61                             1B68     1B68       18     36D0       0
                text60                             13CB     13CB       8C     2796       0
                text59                             1994     1994        8     3328       0
                text58                             19A5     19A5        9     334A       0
                text57                             19AE     19AE        9     335C       0
                text56                             19B7     19B7        9     336E       0
                text55                             19C0     19C0        9     3380       0
                text54                             19C9     19C9        9     3392       0
                text53                             1054     1054       48     20A8       0
                text52                             19F2     19F2        C     33E4       0
                text51                             1C20     1C20       1F     3840       0
                text50                             1930     1930        4     3260       0
                text49                             1AA2     1AA2       10     3544       0
                text48                             1C3F     1C3F       1F     387E       0
                text47                             1A0B     1A0B        D     3416       0
                text46                             19D2     19D2        9     33A4       0
                text45                             1EF5     1EF5       2F     3DEA       0
                text44                             1B80     1B80       19     3700       0
                text43                             1C5E     1C5E       1F     38BC       0
                text42                             112E     112E       51     225C       0
                text41                             1E12     1E12       2C     3C24       0
                text40                             109C     109C       48     2138       0
                text39                             1A18     1A18        D     3430       0
                text38                             1A25     1A25        D     344A       0
                text37                             1A32     1A32        D     3464       0
                text36                             15D9     15D9      105     2BB2       0
                text35                             14EC     14EC       ED     29D8       0
                text34                             1C04     1C04       1C     3808       0
                text33                             1E6B     1E6B       2D     3CD6       0
                text32                             1985     1985        7     330A       0
                text31                             117F     117F       52     22FE       0
                text30                             1DBF     1DBF       29     3B7E       0
                text29                             1B99     1B99       1A     3732       0
                text28                             127F     127F       5C     24FE       0
                text27                              958      958      170     12B0       0
                text26                             16DE     16DE      122     2DBC       0
                text25                             1F53     1F53       34     3EA6       0
                text24                             1B0B     1B0B       16     3616       0
                text23                             1D70     1D70       27     3AE0       0
                text22                             1B21     1B21       17     3642       0
                text21                             1342     1342       89     2684       0
                text20                             1F24     1F24       2F     3E48       0
                text19                             1BCE     1BCE       1B     379C       0
                text18                             1BE9     1BE9       1B     37D2       0
                text17                             1457     1457       95     28AE       0
                text16                             12DB     12DB       67     25B6       0
                text15                             1A3F     1A3F        D     347E       0
                text14                             1A4C     1A4C        D     3498       0
                text13                             1A59     1A59        D     34B2       0
                text12                             1A66     1A66        D     34CC       0
                text11                             10E4     10E4       4A     21C8       0
                text10                             1228     1228       57     2450       0
                text9                              1CE1     1CE1       23     39C2       0
                text8                              1D04     1D04       23     3A08       0
                text7                              1D27     1D27       23     3A4E       0
                text6                               806      806      152     100C       0
                text5                               C40      C40      1B7     1880       0
                text4                              1D4A     1D4A       26     3A94       0
                text3                              1C9E     1C9E       21     393C       0
                text2                              1001     1001        D     2002       0
                text1                              1F87     1F87       38     3F0E       0
                maintext                            AC8      AC8      178     1590       0
                cstackBANK0                          20       20       4A       20       1
                cstackCOMMON                         70       70        D       70       1
                cstackBANK1                          A0       A0       3F       A0       1
                cstackBANK2                         120      120       25      120       1
                cstackBANK4                         254      254       12      220       1
                clrtext                            1978     1978        6     32F0       0
                inittext                            800      800        6        8       0
                dataBANK4                           240      240       14      220       1
                bssBANK4                            220      220       20      220       1
                dataBANK3                           1A0      1A0       28      1A0       1
                bssBANK3                            1C8      1C8       25      1A0       1
                bssBANK2                            145      145       1C      120       1
                dataBANK1                            EE       EE        1       A0       1
                bssBANK1                             DF       DF        F       A0       1
                bssBANK0                             6A       6A        3       20       1
                bssCOMMON                            7D       7D        1       70       1
                stringtext88                       24E8     24E8        3     4000       0
                stringtext87                       24E0     24E0        8     4000       0
                stringtext86                       24D8     24D8        8     4000       0
                stringtext85                       24D0     24D0        8     4000       0
                stringtext84                       24C8     24C8        8     4000       0
                stringtext83                       24C0     24C0        8     4000       0
                stringtext82                       24B8     24B8        8     4000       0
                stringtext81                       24B0     24B0        8     4000       0
                stringtext80                       24A8     24A8        8     4000       0
                stringtext79                       24A0     24A0        8     4000       0
                stringtext78                       2498     2498        8     4000       0
                stringtext77                       2490     2490        8     4000       0
                stringtext76                       2488     2488        8     4000       0
                stringtext75                       247F     247F        9     4000       0
                stringtext74                       2476     2476        9     4000       0
                stringtext73                       246D     246D        9     4000       0
                stringtext72                       2464     2464        9     4000       0
                stringtext71                       245B     245B        9     4000       0
                stringtext70                       2452     2452        9     4000       0
                stringtext69                       2449     2449        9     4000       0
                stringtext68                       2440     2440        9     4000       0
                stringtext67                       2437     2437        9     4000       0
                stringtext66                       242C     242C        B     4000       0
                stringtext65                       2421     2421        B     4000       0
                stringtext64                       2415     2415        C     4000       0
                stringtext63                       2409     2409        C     4000       0
                stringtext62                       23FD     23FD        C     4000       0
                stringtext61                       23F1     23F1        C     4000       0
                stringtext60                       23E5     23E5        C     4000       0
                stringtext59                       23D9     23D9        C     4000       0
                stringtext58                       23CD     23CD        C     4000       0
                stringtext57                       23C1     23C1        C     4000       0
                stringtext56                       23B5     23B5        C     4000       0
                stringtext55                       23A9     23A9        C     4000       0
                stringtext54                       239D     239D        C     4000       0
                stringtext53                       2390     2390        D     4000       0
                stringtext52                       2383     2383        D     4000       0
                stringtext51                       2376     2376        D     4000       0
                stringtext50                       2369     2369        D     4000       0
                stringtext49                       235C     235C        D     4000       0
                stringtext48                       234F     234F        D     4000       0
                stringtext47                       2342     2342        D     4000       0
                stringtext46                       2335     2335        D     4000       0
                stringtext45                       2328     2328        D     4000       0
                stringtext44                       231B     231B        D     4000       0
                stringtext43                       230D     230D        E     4000       0
                stringtext42                       22FF     22FF        E     4000       0
                stringtext41                       22F1     22F1        E     4000       0
                stringtext40                       22E3     22E3        E     4000       0
                stringtext39                       22D4     22D4        F     4000       0
                stringtext38                       22C5     22C5        F     4000       0
                stringtext37                       22B6     22B6        F     4000       0
                stringtext36                       22A7     22A7        F     4000       0
                stringtext35                       2298     2298        F     4000       0
                stringtext34                       2289     2289        F     4000       0
                stringtext33                       227A     227A        F     4000       0
                stringtext32                       226B     226B        F     4000       0
                stringtext31                       225C     225C        F     4000       0
                stringtext30                       224C     224C       10     4000       0
                stringtext29                       223C     223C       10     4000       0
                stringtext28                       222B     222B       11     4000       0
                stringtext27                       221A     221A       11     4000       0
                stringtext26                       2209     2209       11     4000       0
                stringtext25                       21F8     21F8       11     4000       0
                stringtext24                       21E6     21E6       12     4000       0
                stringtext23                       21D4     21D4       12     4000       0
                stringtext22                       21C2     21C2       12     4000       0
                stringtext21                       21B0     21B0       12     4000       0
                stringtext20                       219E     219E       12     4000       0
                stringtext19                       218C     218C       12     4000       0
                stringtext18                       2179     2179       13     4000       0
                stringtext17                       2166     2166       13     4000       0
                stringtext16                       2152     2152       14     4000       0
                stringtext15                       213E     213E       14     4000       0
                stringtext14                       212A     212A       14     4000       0
                stringtext13                       2115     2115       15     4000       0
                stringtext12                       2100     2100       15     4000       0
                stringtext11                       20EB     20EB       15     4000       0
                stringtext10                       20D6     20D6       15     4000       0
                stringtext9                        20BE     20BE       18     4000       0
                stringtext8                        20A5     20A5       19     4000       0
                stringtext7                        208B     208B       1A     4000       0
                stringtext6                        2071     2071       1A     4000       0
                stringtext5                        2057     2057       1A     4000       0
                stringtext4                        203B     203B       1C     4000       0
                stringtext3                        201F     201F       1C     4000       0
                stringtext2                        2000     2000       1F     4000       0
                stringtext1                        1800     1800       4A     3000       0
                idataBANK4                          7EC      7EC       14        8       0
                idataBANK3                         1D97     1D97       28     3B2E       0
                idataBANK1                         1000     1000        1     1BEE       0

TOTAL           Name                               Link     Load   Length     Space
        CLASS   STACK          

        CLASS   CODE           
                end_init                             4A       4A        2         0
                cinit                                4C       4C       46         0
                intentry                              4        4       46         0
                reset_vec                             0        0        2         0
                maintext_split_2                     92       92      75A         0
                maintext_split_1                    DF7      DF7      209         0
                text115                            1BB3     1BB3       1B         0
                text114                            191C     191C        4         0
                text113                            1907     1907        1         0
                text112                            1920     1920        4         0
                text111                            1FBF     1FBF       41         0
                text110                            1CBF     1CBF       22         0
                text109                            190A     190A        3         0
                text108                            190D     190D        3         0
                text107                            1A82     1A82       10         0
                text106                            1DE8     1DE8       2A         0
                text105                            19FE     19FE        D         0
                text104                            1AB2     1AB2       11         0
                text103                            1AC3     1AC3       11         0
                text102                            1AD4     1AD4       11         0
                text101                            1AE5     1AE5       11         0
                text100                            1B38     1B38       18         0
                text99                             1908     1908        2         0
                text98                                2        2        2         0
                text97                             1910     1910        3         0
                text96                             1924     1924        4         0
                text95                             1913     1913        3         0
                text94                             1928     1928        4         0
                text93                             1934     1934        5         0
                text92                             1966     1966        6         0
                text91                             1916     1916        3         0
                text90                             1EC6     1EC6       2F         0
                text89                             1939     1939        5         0
                text88                             199C     199C        9         0
                text87                             198C     198C        8         0
                text86                             11D1     11D1       57         0
                text85                             100E     100E       46         0
                text84                             197E     197E        7         0
                text83                             193E     193E        5         0
                text82                             1943     1943        5         0
                text81                             1948     1948        5         0
                text80                             194D     194D        5         0
                text79                             1952     1952        5         0
                text78                             1957     1957        5         0
                text77                             195C     195C        5         0
                text76                             1961     1961        5         0
                text75                             1E3E     1E3E       2D         0
                text74                             1919     1919        3         0
                text73                             1E98     1E98       2E         0
                text72                             192C     192C        4         0
                text70                             1C7D     1C7D       21         0
                text69                             19DB     19DB        B         0
                text68                             1A73     1A73        F         0
                text67                             19E6     19E6        C         0
                text66                             196C     196C        6         0
                text65                             1972     1972        6         0
                text64                             1A92     1A92       10         0
                text63                             1AF6     1AF6       15         0
                text62                             1B50     1B50       18         0
                text61                             1B68     1B68       18         0
                text60                             13CB     13CB       8C         0
                text59                             1994     1994        8         0
                text58                             19A5     19A5        9         0
                text57                             19AE     19AE        9         0
                text56                             19B7     19B7        9         0
                text55                             19C0     19C0        9         0
                text54                             19C9     19C9        9         0
                text53                             1054     1054       48         0
                text52                             19F2     19F2        C         0
                text51                             1C20     1C20       1F         0
                text50                             1930     1930        4         0
                text49                             1AA2     1AA2       10         0
                text48                             1C3F     1C3F       1F         0
                text47                             1A0B     1A0B        D         0
                text46                             19D2     19D2        9         0
                text45                             1EF5     1EF5       2F         0
                text44                             1B80     1B80       19         0
                text43                             1C5E     1C5E       1F         0
                text42                             112E     112E       51         0
                text41                             1E12     1E12       2C         0
                text40                             109C     109C       48         0
                text39                             1A18     1A18        D         0
                text38                             1A25     1A25        D         0
                text37                             1A32     1A32        D         0
                text36                             15D9     15D9      105         0
                text35                             14EC     14EC       ED         0
                text34                             1C04     1C04       1C         0
                text33                             1E6B     1E6B       2D         0
                text32                             1985     1985        7         0
                text31                             117F     117F       52         0
                text30                             1DBF     1DBF       29         0
                text29                             1B99     1B99       1A         0
                text28                             127F     127F       5C         0
                text27                              958      958      170         0
                text26                             16DE     16DE      122         0
                text25                             1F53     1F53       34         0
                text24                             1B0B     1B0B       16         0
                text23                             1D70     1D70       27         0
                text22                             1B21     1B21       17         0
                text21                             1342     1342       89         0
                text20                             1F24     1F24       2F         0
                text19                             1BCE     1BCE       1B         0
                text18                             1BE9     1BE9       1B         0
                text17                             1457     1457       95         0
                text16                             12DB     12DB       67         0
                text15                             1A3F     1A3F        D         0
                text14                             1A4C     1A4C        D         0
                text13                             1A59     1A59        D         0
                text12                             1A66     1A66        D         0
                text11                             10E4     10E4       4A         0
                text10                             1228     1228       57         0
                text9                              1CE1     1CE1       23         0
                text8                              1D04     1D04       23         0
                text7                              1D27     1D27       23         0
                text6                               806      806      152         0
                text5                               C40      C40      1B7         0
                text4                              1D4A     1D4A       26         0
                text3                              1C9E     1C9E       21         0
                text2                              1001     1001        D         0
                text1                              1F87     1F87       38         0
                maintext                            AC8      AC8      178         0
                clrtext                            1978     1978        6         0
                inittext                            800      800        6         0
                idataBANK4                          7EC      7EC       14         0
                idataBANK3                         1D97     1D97       28         0
                idataBANK1                         1000     1000        1         0

        CLASS   STRCODE        
                stringtext88                       24E8     24E8        3         0
                stringtext87                       24E0     24E0        8         0
                stringtext86                       24D8     24D8        8         0
                stringtext85                       24D0     24D0        8         0
                stringtext84                       24C8     24C8        8         0
                stringtext83                       24C0     24C0        8         0
                stringtext82                       24B8     24B8        8         0
                stringtext81                       24B0     24B0        8         0
                stringtext80                       24A8     24A8        8         0
                stringtext79                       24A0     24A0        8         0
                stringtext78                       2498     2498        8         0
                stringtext77                       2490     2490        8         0
                stringtext76                       2488     2488        8         0
                stringtext75                       247F     247F        9         0
                stringtext74                       2476     2476        9         0
                stringtext73                       246D     246D        9         0
                stringtext72                       2464     2464        9         0
                stringtext71                       245B     245B        9         0
                stringtext70                       2452     2452        9         0
                stringtext69                       2449     2449        9         0
                stringtext68                       2440     2440        9         0
                stringtext67                       2437     2437        9         0
                stringtext66                       242C     242C        B         0
                stringtext65                       2421     2421        B         0
                stringtext64                       2415     2415        C         0
                stringtext63                       2409     2409        C         0
                stringtext62                       23FD     23FD        C         0
                stringtext61                       23F1     23F1        C         0
                stringtext60                       23E5     23E5        C         0
                stringtext59                       23D9     23D9        C         0
                stringtext58                       23CD     23CD        C         0
                stringtext57                       23C1     23C1        C         0
                stringtext56                       23B5     23B5        C         0
                stringtext55                       23A9     23A9        C         0
                stringtext54                       239D     239D        C         0
                stringtext53                       2390     2390        D         0
                stringtext52                       2383     2383        D         0
                stringtext51                       2376     2376        D         0
                stringtext50                       2369     2369        D         0
                stringtext49                       235C     235C        D         0
                stringtext48                       234F     234F        D         0
                stringtext47                       2342     2342        D         0
                stringtext46                       2335     2335        D         0
                stringtext45                       2328     2328        D         0
                stringtext44                       231B     231B        D         0
                stringtext43                       230D     230D        E         0
                stringtext42                       22FF     22FF        E         0
                stringtext41                       22F1     22F1        E         0
                stringtext40                       22E3     22E3        E         0
                stringtext39                       22D4     22D4        F         0
                stringtext38                       22C5     22C5        F         0
                stringtext37                       22B6     22B6        F         0
                stringtext36                       22A7     22A7        F         0
                stringtext35                       2298     2298        F         0
                stringtext34                       2289     2289        F         0
                stringtext33                       227A     227A        F         0
                stringtext32                       226B     226B        F         0
                stringtext31                       225C     225C        F         0
                stringtext30                       224C     224C       10         0
                stringtext29                       223C     223C       10         0
                stringtext28                       222B     222B       11         0
                stringtext27                       221A     221A       11         0
                stringtext26                       2209     2209       11         0
                stringtext25                       21F8     21F8       11         0
                stringtext24                       21E6     21E6       12         0
                stringtext23                       21D4     21D4       12         0
                stringtext22                       21C2     21C2       12         0
                stringtext21                       21B0     21B0       12         0
                stringtext20                       219E     219E       12         0
                stringtext19                       218C     218C       12         0
                stringtext18                       2179     2179       13         0
                stringtext17                       2166     2166       13         0
                stringtext16                       2152     2152       14         0
                stringtext15                       213E     213E       14         0
                stringtext14                       212A     212A       14         0
                stringtext13                       2115     2115       15         0
                stringtext12                       2100     2100       15         0
                stringtext11                       20EB     20EB       15         0
                stringtext10                       20D6     20D6       15         0
                stringtext9                        20BE     20BE       18         0
                stringtext8                        20A5     20A5       19         0
                stringtext7                        208B     208B       1A         0
                stringtext6                        2071     2071       1A         0
                stringtext5                        2057     2057       1A         0
                stringtext4                        203B     203B       1C         0
                stringtext3                        201F     201F       1C         0
                stringtext2                        2000     2000       1F         0
                stringtext1                        1800     1800       4A         0

        CLASS   STRING         

        CLASS   CONST          

        CLASS   ENTRY          

        CLASS   COMMON         
                cstackCOMMON                         70       70        D         1
                bssCOMMON                            7D       7D        1         1

        CLASS   BANK0          
                cstackBANK0                          20       20       4A         1
                bssBANK0                             6A       6A        3         1

        CLASS   BANK1          
                cstackBANK1                          A0       A0       3F         1
                dataBANK1                            EE       EE        1         1
                bssBANK1                             DF       DF        F         1

        CLASS   BANK2          
                cstackBANK2                         120      120       25         1
                bssBANK2                            145      145       1C         1

        CLASS   BANK3          
                dataBANK3                           1A0      1A0       28         1
                bssBANK3                            1C8      1C8       25         1

        CLASS   BANK4          
                cstackBANK4                         254      254       12         1
                dataBANK4                           240      240       14         1
                bssBANK4                            220      220       20         1

        CLASS   BANK5          

        CLASS   BANK6          

        CLASS   BANK7          

        CLASS   BANK8          

        CLASS   BANK9          

        CLASS   BANK10         

        CLASS   BANK11         

        CLASS   BANK12         

        CLASS   BIGRAM         

        CLASS   RAM            

        CLASS   ABS1           
                abs_s1                               7E       7E        2         1

        CLASS   SFR0           

        CLASS   SFR1           

        CLASS   SFR2           

        CLASS   SFR3           

        CLASS   SFR4           

        CLASS   SFR5           

        CLASS   SFR6           

        CLASS   SFR7           

        CLASS   SFR8           

        CLASS   SFR9           

        CLASS   SFR10          

        CLASS   SFR11          

        CLASS   SFR12          

        CLASS   SFR13          

        CLASS   SFR14          

        CLASS   SFR15          

        CLASS   SFR16          

        CLASS   SFR17          

        CLASS   SFR18          

        CLASS   SFR19          

        CLASS   SFR20          

        CLASS   SFR21          

        CLASS   SFR22          

        CLASS   SFR23          

        CLASS   SFR24          

        CLASS   SFR25          

        CLASS   SFR26          

        CLASS   SFR27          

        CLASS   SFR28          

        CLASS   SFR29          

        CLASS   SFR30          

        CLASS   SFR31          

        CLASS   CONFIG         
                config                             8007     8007        2         4

        CLASS   IDLOC          
                idloc                              8000     8000        4         5

        CLASS   EEDATA         

        CLASS   BANK31         

        CLASS   BANK30         

        CLASS   BANK29         

        CLASS   BANK28         

        CLASS   BANK27         

        CLASS   BANK26         

        CLASS   BANK25         

        CLASS   BANK24         

        CLASS   BANK23         

        CLASS   BANK22         

        CLASS   BANK21         

        CLASS   BANK20         

        CLASS   BANK19         

        CLASS   BANK18         

        CLASS   BANK17         

        CLASS   BANK16         

        CLASS   BANK15         

        CLASS   BANK14         

        CLASS   BANK13         



SEGMENTS        Name                           Load    Length   Top    Selector   Space  Class     Delta

                reset_vec                      000000  000004  000004         0       0  CODE        2
                intentry                       000004  000802  000806         8       0  CODE        2
                cstackBANK0                    000020  00004D  00006D        20       1  BANK0       1
                cstackCOMMON                   000070  00000E  00007E        70       1  COMMON      1
                cstackBANK1                    0000A0  00004F  0000EF        A0       1  BANK1       1
                cstackBANK2                    000120  000041  000161       120       1  BANK2       1
                dataBANK3                      0001A0  00004D  0001ED       1A0       1  BANK3       1
                bssBANK4                       000220  000046  000266       220       1  BANK4       1
                text6                          000806  000152  000958      100C       0  CODE        2
                text27                         000958  000170  000AC8      12B0       0  CODE        2
                maintext                       000AC8  000178  000C40      1590       0  CODE        2
                text5                          000C40  0001B7  000DF7      1880       0  CODE        2
                maintext_split_1               000DF7  00020A  001001      1BEE       0  CODE        2
                text2                          001001  00000D  00100E      2002       0  CODE        2
                text85                         00100E  000046  001054      201C       0  CODE        2
                text53                         001054  000048  00109C      20A8       0  CODE        2
                text40                         00109C  000048  0010E4      2138       0  CODE        2
                text11                         0010E4  00004A  00112E      21C8       0  CODE        2
                text42                         00112E  000051  00117F      225C       0  CODE        2
                text31                         00117F  000052  0011D1      22FE       0  CODE        2
                text86                         0011D1  000057  001228      23A2       0  CODE        2
                text10                         001228  000057  00127F      2450       0  CODE        2
                text28                         00127F  00005C  0012DB      24FE       0  CODE        2
                text16                         0012DB  000067  001342      25B6       0  CODE        2
                text21                         001342  000089  0013CB      2684       0  CODE        2
                text60                         0013CB  00008C  001457      2796       0  CODE        2
                text17                         001457  000095  0014EC      28AE       0  CODE        2
                text35                         0014EC  0000ED  0015D9      29D8       0  CODE        2
                text36                         0015D9  000105  0016DE      2BB2       0  CODE        2
                text26                         0016DE  000122  001800      2DBC       0  CODE        2
                stringtext1                    001800  00004A  00184A      3000       0  STRCODE     2
                text113                        001907  000001  001908      320E       0  CODE        2
                text99                         001908  000002  00190A      3210       0  CODE        2
                text109                        00190A  000003  00190D      3214       0  CODE        2
                text108                        00190D  000003  001910      321A       0  CODE        2
                text97                         001910  000003  001913      3220       0  CODE        2
                text95                         001913  000003  001916      3226       0  CODE        2
                text91                         001916  000003  001919      322C       0  CODE        2
                text74                         001919  000003  00191C      3232       0  CODE        2
                text114                        00191C  000004  001920      3238       0  CODE        2
                text112                        001920  000004  001924      3240       0  CODE        2
                text96                         001924  000004  001928      3248       0  CODE        2
                text94                         001928  000004  00192C      3250       0  CODE        2
                text72                         00192C  000004  001930      3258       0  CODE        2
                text50                         001930  000004  001934      3260       0  CODE        2
                text93                         001934  000005  001939      3268       0  CODE        2
                text89                         001939  000005  00193E      3272       0  CODE        2
                text83                         00193E  000005  001943      327C       0  CODE        2
                text82                         001943  000005  001948      3286       0  CODE        2
                text81                         001948  000005  00194D      3290       0  CODE        2
                text80                         00194D  000005  001952      329A       0  CODE        2
                text79                         001952  000005  001957      32A4       0  CODE        2
                text78                         001957  000005  00195C      32AE       0  CODE        2
                text77                         00195C  000005  001961      32B8       0  CODE        2
                text76                         001961  000005  001966      32C2       0  CODE        2
                text92                         001966  000006  00196C      32CC       0  CODE        2
                text66                         00196C  000006  001972      32D8       0  CODE        2
                text65                         001972  000006  001978      32E4       0  CODE        2
                clrtext                        001978  000006  00197E      32F0       0  CODE        2
                text84                         00197E  000007  001985      32FC       0  CODE        2
                text32                         001985  000007  00198C      330A       0  CODE        2
                text87                         00198C  000008  001994      3318       0  CODE        2
                text59                         001994  000008  00199C      3328       0  CODE        2
                text88                         00199C  000009  0019A5      3338       0  CODE        2
                text58                         0019A5  000009  0019AE      334A       0  CODE        2
                text57                         0019AE  000009  0019B7      335C       0  CODE        2
                text56                         0019B7  000009  0019C0      336E       0  CODE        2
                text55                         0019C0  000009  0019C9      3380       0  CODE        2
                text54                         0019C9  000009  0019D2      3392       0  CODE        2
                text46                         0019D2  000009  0019DB      33A4       0  CODE        2
                text69                         0019DB  00000B  0019E6      33B6       0  CODE        2
                text67                         0019E6  00000C  0019F2      33CC       0  CODE        2
                text52                         0019F2  00000C  0019FE      33E4       0  CODE        2
                text105                        0019FE  00000D  001A0B      33FC       0  CODE        2
                text47                         001A0B  00000D  001A18      3416       0  CODE        2
                text39                         001A18  00000D  001A25      3430       0  CODE        2
                text38                         001A25  00000D  001A32      344A       0  CODE        2
                text37                         001A32  00000D  001A3F      3464       0  CODE        2
                text15                         001A3F  00000D  001A4C      347E       0  CODE        2
                text14                         001A4C  00000D  001A59      3498       0  CODE        2
                text13                         001A59  00000D  001A66      34B2       0  CODE        2
                text12                         001A66  00000D  001A73      34CC       0  CODE        2
                text68                         001A73  00000F  001A82      34E6       0  CODE        2
                text107                        001A82  000010  001A92      3504       0  CODE        2
                text64                         001A92  000010  001AA2      3524       0  CODE        2
                text49                         001AA2  000010  001AB2      3544       0  CODE        2
                text104                        001AB2  000011  001AC3      3564       0  CODE        2
                text103                        001AC3  000011  001AD4      3586       0  CODE        2
                text102                        001AD4  000011  001AE5      35A8       0  CODE        2
                text101                        001AE5  000011  001AF6      35CA       0  CODE        2
                text63                         001AF6  000015  001B0B      35EC       0  CODE        2
                text24                         001B0B  000016  001B21      3616       0  CODE        2
                text22                         001B21  000017  001B38      3642       0  CODE        2
                text100                        001B38  000018  001B50      3670       0  CODE        2
                text62                         001B50  000018  001B68      36A0       0  CODE        2
                text61                         001B68  000018  001B80      36D0       0  CODE        2
                text44                         001B80  000019  001B99      3700       0  CODE        2
                text29                         001B99  00001A  001BB3      3732       0  CODE        2
                text115                        001BB3  00001B  001BCE      3766       0  CODE        2
                text19                         001BCE  00001B  001BE9      379C       0  CODE        2
                text18                         001BE9  00001B  001C04      37D2       0  CODE        2
                text34                         001C04  00001C  001C20      3808       0  CODE        2
                text51                         001C20  00001F  001C3F      3840       0  CODE        2
                text48                         001C3F  00001F  001C5E      387E       0  CODE        2
                text43                         001C5E  00001F  001C7D      38BC       0  CODE        2
                text70                         001C7D  000021  001C9E      38FA       0  CODE        2
                text3                          001C9E  000021  001CBF      393C       0  CODE        2
                text110                        001CBF  000022  001CE1      397E       0  CODE        2
                text9                          001CE1  000023  001D04      39C2       0  CODE        2
                text8                          001D04  000023  001D27      3A08       0  CODE        2
                text7                          001D27  000023  001D4A      3A4E       0  CODE        2
                text4                          001D4A  000026  001D70      3A94       0  CODE        2
                text23                         001D70  000027  001D97      3AE0       0  CODE        2
                idataBANK3                     001D97  000028  001DBF      3B2E       0  CODE        2
                text30                         001DBF  000029  001DE8      3B7E       0  CODE        2
                text106                        001DE8  00002A  001E12      3BD0       0  CODE        2
                text41                         001E12  00002C  001E3E      3C24       0  CODE        2
                text75                         001E3E  00002D  001E6B      3C7C       0  CODE        2
                text33                         001E6B  00002D  001E98      3CD6       0  CODE        2
                text73                         001E98  00002E  001EC6      3D30       0  CODE        2
                text90                         001EC6  00002F  001EF5      3D8C       0  CODE        2
                text45                         001EF5  00002F  001F24      3DEA       0  CODE        2
                text20                         001F24  00002F  001F53      3E48       0  CODE        2
                text25                         001F53  000034  001F87      3EA6       0  CODE        2
                text1                          001F87  000038  001FBF      3F0E       0  CODE        2
                text111                        001FBF  000041  002000      3F7E       0  CODE        2
                stringtext2                    002000  0004EB  0024EB      4000       0  STRCODE     2


UNUSED ADDRESS RANGES

        Name                Unused          Largest block    Delta
        BANK0            00006D-00006F                3           1
        BANK1            0000EF-0000EF                1           1
        BANK10           000520-00056F               50           1
        BANK11           0005A0-0005EF               50           1
        BANK12           000620-00064F               30           1
        BANK2            000161-00016F                F           1
        BANK3            0001ED-0001EF                3           1
        BANK4            000266-00026F                A           1
        BANK5            0002A0-0002EF               50           1
        BANK6            000320-00036F               50           1
        BANK7            0003A0-0003EF               50           1
        BANK8            000420-00046F               50           1
        BANK9            0004A0-0004EF               50           1
        BIGRAM           002000-0023EF              3F0           1
        CODE             00184A-001906               BD           2
                         0024EB-003FFF              800
        CONST            00184A-001906               B6           2
                         0024EB-003FFF              100
        EEDATA           00F000-00F0FF              100           2
        ENTRY            00184A-001906               B6           2
                         0024EB-003FFF              100
        RAM              00006D-00006F                3           1
                         0000EF-0000EF                1
                         000161-00016F                F
                         0001ED-0001EF                3
                         000266-00026F                A
                         0002A0-0002EF               50
                         000320-00036F               50
                         0003A0-0003EF               50
                         000420-00046F               50
                         0004A0-0004EF               50
                         000520-00056F               50
                         0005A0-0005EF               50
                         000620-00064F               30
        SFR0             000000-00001F               20           1
        SFR1             000080-00009F               20           1
        SFR10            000500-00051F               20           1
        SFR11            000580-00059F               20           1
        SFR12            000600-00061F               20           1
        SFR13            000680-0006EF               70           1
        SFR14            000700-00076F               70           1
        SFR15            000780-0007EF               70           1
        SFR16            000800-00086F               70           1
        SFR17            000880-0008EF               70           1
        SFR18            000900-00096F               70           1
        SFR19            000980-0009EF               70           1
        SFR2             000100-00011F               20           1
        SFR20            000A00-000A6F               70           1
        SFR21            000A80-000AEF               70           1
        SFR22            000B00-000B6F               70           1
        SFR23            000B80-000BEF               70           1
        SFR24            000C00-000C6F               70           1
        SFR25            000C80-000CEF               70           1
        SFR26            000D00-000D6F               70           1
        SFR27            000D80-000DEF               70           1
        SFR28            000E00-000E6F               70           1
        SFR29            000E80-000EEF               70           1
        SFR3             000180-00019F               20           1
        SFR30            000F00-000F6F               70           1
        SFR31            000F80-000FEF               70           1
        SFR4             000200-00021F               20           1
        SFR5             000280-00029F               20           1
        SFR6             000300-00031F               20           1
        SFR7             000380-00039F               20           1
        SFR8             000400-00041F               20           1
        SFR9             000480-00049F               20           1
        STACK            002186-0023EF              26A           1
        STRCODE          00184A-001906               BD           2
                         0024EB-003FFF             1B15
        STRING           00184A-001906               B6           2
                         0024EB-003FFF              100

                                  Symbol Table

?_ADC_GetConversion                            cstackBANK0      000023
?___aodiv                                      cstackBANK0      000023
?___aomod                                      cstackBANK0      000023
?_abs                                          cstackBANK0      000036
?_dtoa                                         cstackBANK0      00003F
?_pad                                          cstackBANK0      000036
?_printf                                       cstackBANK1      0000AD
?_sprintf                                      cstackBANK1      0000AD
?_strcat                                       cstackBANK0      000033
?_strlen                                       cstackBANK0      000023
?_vfpfcnvrt                                    cstackBANK0      00005D
?_vfprintf                                     cstackBANK0      000064
ADC_GetConversion@channel                      cstackBANK0      000026
EUSART_Read@readValue                          cstackBANK0      000024
EUSART_SetErrorHandler@interruptHandler        cstackBANK0      000023
EUSART_SetFramingErrorHandler@interruptHandler cstackBANK0      000023
EUSART_SetOverrunErrorHandler@interruptHandler cstackBANK0      000023
EUSART_SetRxInterruptHandler@interruptHandler  cstackBANK0      000023
EUSART_SetTxInterruptHandler@interruptHandler  cstackBANK0      000023
EUSART_Write@txData                            cstackBANK0      000024
I2C_CallbackReturnReset@funPtr                 cstackCOMMON     000079
I2C_MasterSendTxData@data                      cstackCOMMON     000070
I2C_Master_Write@data                          cstackBANK0      000023
I2C_SetBuffer@buffer                           cstackCOMMON     000073
I2C_SetBuffer@bufferSize                       cstackCOMMON     000070
I2C_SetCallback@cb                             cstackCOMMON     000070
I2C_SetCallback@idx                            cstackCOMMON     000074
I2C_SetCallback@ptr                            cstackCOMMON     000072
I2C_SetDataCompleteCallback@cb                 cstackCOMMON     000075
I2C_SetDataCompleteCallback@ptr                cstackCOMMON     000077
IO_Expander_Write@Data                         cstackBANK0      000024
LCD_CMD@CMD                                    cstackBANK0      000028
LCD_Init@I2C_Add                               cstackBANK0      00002B
LCD_Set_Cursor@COL                             cstackBANK0      000029
LCD_Set_Cursor@ROW                             cstackBANK0      00002C
LCD_Write_4Bit@Nibble                          cstackBANK0      000026
LCD_Write_Char@Data                            cstackBANK0      000028
LCD_Write_String@Str                           cstackBANK0      000029
LCD_Write_String@i                             cstackBANK0      00002C
_ACKDT                                         (abs)            0010B5
_ACKEN                                         (abs)            0010B4
_ACKSTAT                                       (abs)            0010B6
_ADCON0                                        (abs)            00009D
_ADCON0bits                                    (abs)            00009D
_ADCON1                                        (abs)            00009E
_ADC_GetConversion                             text70           001C7D
_ADC_Initialize                                text59           001994
_ADRESH                                        (abs)            00009C
_ADRESL                                        (abs)            00009B
_ANSELA                                        (abs)            00018C
_ANSELB                                        (abs)            00018D
_ANSELD                                        (abs)            00018F
_ANSELE                                        (abs)            000190
_APFCON                                        (abs)            00011D
_BAUDCON                                       (abs)            00019F
_BORCON                                        (abs)            000116
_BackLight_State                               dataBANK1        0000EE
_EEADRH                                        (abs)            000192
_EEADRL                                        (abs)            000191
_EECON1bits                                    (abs)            000195
_EECON2                                        (abs)            000196
_EEDATH                                        (abs)            000194
_EEDATL                                        (abs)            000193
_EUSART_DefaultErrorHandler                    text114          00191C
_EUSART_DefaultFramingErrorHandler             text113          001907
_EUSART_DefaultOverrunErrorHandler             text112          001920
_EUSART_ErrorHandler                           bssBANK2         000157
_EUSART_FramingErrorHandler                    bssBANK2         00015B
_EUSART_Initialize                             text53           001054
_EUSART_OverrunErrorHandler                    bssBANK2         000159
_EUSART_Read                                   text20           001F24
_EUSART_Receive_ISR                            text111          001FBF
_EUSART_RxDataHandler                          text115          001BB3
_EUSART_RxDefaultInterruptHandler              bssBANK2         00015D
_EUSART_SetErrorHandler                        text58           0019A5
_EUSART_SetFramingErrorHandler                 text57           0019AE
_EUSART_SetOverrunErrorHandler                 text56           0019B7
_EUSART_SetRxInterruptHandler                  text55           0019C0
_EUSART_SetTxInterruptHandler                  text54           0019C9
_EUSART_Transmit_ISR                           text110          001CBF
_EUSART_TxDefaultInterruptHandler              bssBANK1         0000E5
_EUSART_Write                                  text33           001E6B
_GIE                                           (abs)            00005F
_I2C_CallbackReturnReset                       text98           000002
_I2C_CallbackReturnStop                        text99           001908
_I2C_DO_ADDRESS_NACK                           text75           001E3E
_I2C_DO_IDLE                                   text89           001939
_I2C_DO_RCEN                                   text84           00197E
_I2C_DO_RESET                                  text76           001961
_I2C_DO_RX                                     text85           00100E
_I2C_DO_RX_ACK                                 text79           001952
_I2C_DO_RX_NACK_RESTART                        text77           00195C
_I2C_DO_RX_NACK_STOP                           text78           001957
_I2C_DO_SEND_ADR_READ                          text88           00199C
_I2C_DO_SEND_ADR_WRITE                         text87           00198C
_I2C_DO_SEND_RESTART                           text81           001948
_I2C_DO_SEND_RESTART_READ                      text83           00193E
_I2C_DO_SEND_RESTART_WRITE                     text82           001943
_I2C_DO_SEND_STOP                              text80           00194D
_I2C_DO_TX                                     text86           0011D1
_I2C_DO_TX_EMPTY                               text90           001EC6
_I2C_MasterClearIrq                            text74           001919
_I2C_MasterEnableRestart                       text109          00190A
_I2C_MasterFsm                                 text73           001E98
_I2C_MasterGetRxData                           text95           001913
_I2C_MasterIsNack                              text92           001966
_I2C_MasterIsr                                 text72           00192C
_I2C_MasterSendAck                             text94           001928
_I2C_MasterSendNack                            text96           001924
_I2C_MasterSendTxData                          text93           001934
_I2C_MasterSetIrq                              text91           001916
_I2C_MasterStartRx                             text97           001910
_I2C_MasterStop                                text108          00190D
_I2C_Master_Init                               text69           0019DB
_I2C_Master_Start                              text66           00196C
_I2C_Master_Stop                               text65           001972
_I2C_Master_Wait                               text67           0019E6
_I2C_Master_Write                              text64           001A92
_I2C_SetBuffer                                 text107          001A82
_I2C_SetCallback                               text106          001DE8
_I2C_SetDataCompleteCallback                   text105          0019FE
_I2C_Slave_Init                                text68           001A73
_I2C_Status                                    bssBANK3         0001C8
_INTCONbits                                    (abs)            00000B
_INTERRUPT_InterruptManager                    intentry         000004
_IO_Expander_Write                             text63           001AF6
_LATA                                          (abs)            00010C
_LATAbits                                      (abs)            00010C
_LATB                                          (abs)            00010D
_LATBbits                                      (abs)            00010D
_LATC                                          (abs)            00010E
_LATD                                          (abs)            00010F
_LATE                                          (abs)            000110
_LATEbits                                      (abs)            000110
_LCD_CMD                                       text61           001B68
_LCD_Clear                                     text46           0019D2
_LCD_Init                                      text60           0013CB
_LCD_Set_Cursor                                text45           001EF5
_LCD_Write_4Bit                                text62           001B50
_LCD_Write_Char                                text44           001B80
_LCD_Write_String                              text43           001C5E
_MSSP_InterruptHandler                         bssBANK1         0000E7
_OPTION_REGbits                                (abs)            000095
_OSCCON                                        (abs)            000099
_OSCILLATOR_Initialize                         text52           0019F2
_OSCTUNE                                       (abs)            000098
_PEIE                                          (abs)            00005E
_PEN                                           (abs)            0010B2
_PIE1bits                                      (abs)            000091
_PIE2bits                                      (abs)            000092
_PIN_MANAGER_Initialize                        text51           001C20
_PIR1bits                                      (abs)            000011
_PIR2bits                                      (abs)            000012
_PLLR                                          (abs)            0004D6
_PORTCbits                                     (abs)            00000E
_PORTDbits                                     (abs)            00000F
_RCEN                                          (abs)            0010B3
_RCREG                                         (abs)            000199
_RCSTA                                         (abs)            00019D
_RCSTAbits                                     (abs)            00019D
_RS                                            bssBANK1         0000EA
_RSEN                                          (abs)            0010B1
_SEN                                           (abs)            0010B0
_SPBRGH                                        (abs)            00019C
_SPBRGL                                        (abs)            00019B
_SSPADD                                        (abs)            000212
_SSPBUF                                        (abs)            000211
_SSPCON                                        (abs)            000215
_SSPCON1                                       (abs)            000215
_SSPCON1bits                                   (abs)            000215
_SSPCON2                                       (abs)            000216
_SSPCON2bits                                   (abs)            000216
_SSPIE                                         (abs)            00048B
_SSPIF                                         (abs)            00008B
_SSPSTAT                                       (abs)            000214
_SSPSTATbits                                   (abs)            000214
_SYSTEM_Initialize                             text49           001AA2
_TRISA                                         (abs)            00008C
_TRISB                                         (abs)            00008D
_TRISC                                         (abs)            00008E
_TRISC3                                        (abs)            000473
_TRISC4                                        (abs)            000474
_TRISD                                         (abs)            00008F
_TRISE                                         (abs)            000090
_TXREG                                         (abs)            00019A
_TXSTA                                         (abs)            00019E
_TXSTAbits                                     (abs)            00019E
_WDTCON                                        (abs)            000097
_WDT_Initialize                                text50           001930
_WPUB                                          (abs)            00020D
_WPUE                                          (abs)            000210
__Habs1                                        abs1             000000
__Hbank0                                       bank0            000000
__Hbank1                                       bank1            000000
__Hbank10                                      bank10           000000
__Hbank11                                      bank11           000000
__Hbank12                                      bank12           000000
__Hbank13                                      bank13           000000
__Hbank14                                      bank14           000000
__Hbank15                                      bank15           000000
__Hbank16                                      bank16           000000
__Hbank17                                      bank17           000000
__Hbank18                                      bank18           000000
__Hbank19                                      bank19           000000
__Hbank2                                       bank2            000000
__Hbank20                                      bank20           000000
__Hbank21                                      bank21           000000
__Hbank22                                      bank22           000000
__Hbank23                                      bank23           000000
__Hbank24                                      bank24           000000
__Hbank25                                      bank25           000000
__Hbank26                                      bank26           000000
__Hbank27                                      bank27           000000
__Hbank28                                      bank28           000000
__Hbank29                                      bank29           000000
__Hbank3                                       bank3            000000
__Hbank30                                      bank30           000000
__Hbank31                                      bank31           000000
__Hbank4                                       bank4            000000
__Hbank5                                       bank5            000000
__Hbank6                                       bank6            000000
__Hbank7                                       bank7            000000
__Hbank8                                       bank8            000000
__Hbank9                                       bank9            000000
__Hbigram                                      bigram           000000
__HbssBANK0                                    bssBANK0         000000
__HbssBANK1                                    bssBANK1         000000
__HbssBANK2                                    bssBANK2         000000
__HbssBANK3                                    bssBANK3         000000
[...]
_strcat                                        text22           001B21
_strcpy                                        text23           001D70
_strlen                                        text29           001B99
_testNOK                                       text19           001BCE
_testOK                                        text18           001BE9
_testR1                                        text9            001CE1
_testR2                                        text8            001D04
_testR3                                        text7            001D27
_vfpfcnvrt                                     text26           0016DE
_vfprintf                                      text25           001F53
_width                                         bssBANK2         000155
_wr1RegCompleteHandler                         text101          001AE5
_wr2RegCompleteHandler                         text104          001AB2
abs@a                                          cstackBANK0      000036
activerBuzzer@i                                cstackBANK0      000024
alerteDefaut@F3754                             dataBANK3        0001A0
alerteDefaut@F3756                             dataBANK3        0001BE
alerteDefaut@eol                               cstackBANK1      0000B7
alerteDefaut@error                             cstackBANK1      0000C1
alerteDefaut@etape                             cstackBANK1      0000B0
alerteDefaut@testAct                           cstackBANK1      0000B2
alerteDefaut@testVoy                           cstackBANK1      0000B4
alerteDefautEtape16@F3809                      dataBANK4        000240
alerteDefautEtape16@F3811                      dataBANK3        0001B4
alerteDefautEtape16@autom                      cstackBANK1      0000DB
alerteDefautEtape16@eol                        cstackBANK2      000120
alerteDefautEtape16@error                      cstackBANK2      00012A
alerteDefautEtape16@etape                      cstackBANK1      0000D7
alerteDefautEtape16@prog                       cstackBANK1      0000DC
alerteDefautEtape16@reponse                    cstackBANK2      000140
alerteDefautEtape16@testAct                    cstackBANK1      0000D9
alerteDefautEtape16@testVoy                    cstackBANK1      0000DA
alimenter@active                               cstackBANK0      000023
attenteAquittement@autom                       cstackBANK1      0000B0
attenteAquittement@reception                   cstackBANK1      0000B6
attenteAquittement@repOperateur                cstackBANK1      0000B7
attenteAquittement@testAct                     cstackBANK1      0000B2
attenteDemarrage3@autom                        cstackBANK1      0000B6
attenteDemarrage3@prog                         cstackBANK1      0000B1
attenteDemarrage3@reception                    cstackBANK1      0000B4
attenteDemarrage3@repOperateur                 cstackBANK1      0000B5
attenteDemarrage3@testAct                      cstackBANK1      0000B0
btemp                                          (abs)            00007E
clear_ram0                                     clrtext          001978
displayManager@s1                              cstackBANK0      00002E
displayManager@s2                              cstackBANK0      000030
displayManager@s3                              cstackBANK0      000032
displayManager@s4                              cstackBANK0      000034
dtoa@d                                         cstackBANK0      00003F
dtoa@fp                                        cstackBANK0      00004A
dtoa@i                                         cstackBANK0      00005B
dtoa@n                                         cstackBANK0      000053
dtoa@p                                         cstackBANK0      00004D
dtoa@s                                         cstackBANK0      000051
dtoa@w                                         cstackBANK0      00004F
end_of_initialization                          cinit            00008E
errorAlert@i                                   cstackBANK0      00002A
errorAlert@j                                   cstackBANK0      000028
fputc@c                                        cstackBANK0      000026
fputc@fp                                       cstackBANK0      000028
fputs@c                                        cstackBANK0      000032
fputs@fp                                       cstackBANK0      00002E
fputs@i                                        cstackBANK0      000033
fputs@s                                        cstackBANK0      000035
init_ram                                       inittext         000800
initialConditions@autom                        cstackBANK1      0000B4
initialConditions@prog                         cstackBANK1      0000B6
initialConditions@testAct                      cstackBANK1      0000B0
initialConditions@testVoy                      cstackBANK1      0000B2
int$flags                                      (abs)            00007E
intlevel0                                      functab          000000
intlevel1                                      functab          000000
intlevel2                                      functab          000000
intlevel3                                      functab          000000
intlevel4                                      functab          000000
intlevel5                                      functab          000000
ledConforme@active                             cstackBANK0      000023
ledNonConforme@active                          cstackBANK0      000023
ledProgession@active                           cstackBANK0      000023
main@automatique                               cstackBANK4      000263
main@buffer                                    cstackBANK4      000254
main@buffer_1713                               cstackBANK4      000256
main@lectureAN1                                cstackBANK4      000260
main@master                                    cstackBANK4      00025D
main@programmation                             cstackBANK4      000262
main@slaveBUF                                  cstackBANK4      00025E
main@slectureAN1                               cstackBANK4      000258
main@testActif                                 cstackBANK4      000265
main@testLeds                                  cstackBANK4      00025F
main@testVoyants                               cstackBANK4      000264
okAlert@i                                      cstackBANK1      0000B1
pad@buf                                        cstackBANK0      000036
pad@fp                                         cstackBANK0      00003E
pad@i                                          cstackBANK0      00003A
pad@p                                          cstackBANK0      000037
pad@w                                          cstackBANK0      00003C
pnum$maintext                                  (abs)            00006F
pnum$maintext_split_1                          (abs)            0000E5
pnum$maintext_split_2                          (abs)            0000E6
pressBP1@active                                cstackBANK0      000023
pressBP2@active                                cstackBANK0      000023
printf@ap                                      cstackBANK1      0000AF
printf@fmt                                     cstackBANK1      0000AD
psplit$0                                       (abs)            6F00E5
psplit$1                                       (abs)            E500E6
putch@txData                                   cstackBANK0      000025
rd1RegCompleteHandler@ptr                      cstackCOMMON     000079
rd2RegCompleteHandler@ptr                      cstackCOMMON     000079
rdBlkRegCompleteHandler@ptr                    cstackCOMMON     000079
reponseOperateur@automatique                   cstackBANK0      000028
reponseOperateur@reception                     cstackBANK0      000027
reponseOperateur@repOperateur                  cstackBANK0      00002A
reponseOperateur@reponse                       cstackBANK0      000029
reset_vec                                      reset_vec        000000
setHorloge@active                              cstackBANK0      000023
setP1@active                                   cstackBANK0      000023
setP2@active                                   cstackBANK0      000023
sortieErreur@autom                             cstackBANK1      0000B8
sortieErreur@prog                              cstackBANK1      0000BE
sortieErreur@testAct                           cstackBANK1      0000BA
sortieErreur@testVoy                           cstackBANK1      0000BC
sprintf@ap                                     cstackBANK1      0000B3
sprintf@f                                      cstackBANK1      0000B5
sprintf@fmt                                    cstackBANK1      0000AD
sprintf@ret                                    cstackBANK1      0000B1
sprintf@s                                      cstackBANK1      0000B4
start                                          init             00004A
startAlert@i                                   cstackBANK0      000028
start_initialization                           cinit            00004C
strcat@dest                                    cstackBANK0      000033
strcat@src                                     cstackBANK0      000035
strcpy@d                                       cstackBANK0      000031
strcpy@dest                                    cstackBANK0      000027
strcpy@s                                       cstackBANK0      00002F
strcpy@src                                     cstackBANK0      000029
strlen@a                                       cstackBANK0      000025
strlen@s                                       cstackBANK0      000023
testNOK@active                                 cstackBANK0      000024
testNOK@result                                 cstackBANK0      000023
testOK@active                                  cstackBANK0      000024
testOK@result                                  cstackBANK0      000023
testR1@active                                  cstackBANK0      000024
testR1@result                                  cstackBANK0      000023
testR2@active                                  cstackBANK0      000024
testR2@result                                  cstackBANK0      000023
testR3@active                                  cstackBANK0      000024
testR3@result                                  cstackBANK0      000023
vfpfcnvrt@ap                                   cstackBANK0      00005E
vfpfcnvrt@fmt                                  cstackBANK0      00005D
vfpfcnvrt@fp                                   cstackBANK1      0000A9
vfpfcnvrt@ll                                   cstackBANK1      0000A0
vfpfcnvrt@vp                                   cstackBANK1      0000A8
vfprintf@ap                                    cstackBANK0      000066
vfprintf@cfmt                                  cstackBANK1      0000AB
vfprintf@fmt                                   cstackBANK0      000064
vfprintf@fp                                    cstackBANK1      0000AA
wr1RegCompleteHandler@ptr                      cstackCOMMON     000079
wr2RegCompleteHandler@ptr                      cstackCOMMON     000079
wtemp0                                         (abs)            00007E


MODULE INFORMATION

Module		Function		Class		Link	Load	Size
C:\Program Files\Microchip\xc8\v2.32\pic\sources\c99\common\nf_sprintf.c
		_sprintf       		CODE           	1F87	0000	56

C:\Program Files\Microchip\xc8\v2.32\pic\sources\c99\common\nf_sprintf.c estimated size: 56

C:\Program Files\Microchip\xc8\v2.32\pic\sources\c99\common\doprnt.c
		_vfpfcnvrt     		CODE           	16DE	0000	290
		_pad           		CODE           	127F	0000	92
		_dtoa          		CODE           	0958	0000	368
		_vfprintf      		CODE           	1F53	0000	52

C:\Program Files\Microchip\xc8\v2.32\pic\sources\c99\common\doprnt.c estimated size: 802

mcc_generated_files/interrupt_manager.c
		_INTERRUPT_InterruptManager		CODE           	0004	0000	70

mcc_generated_files/interrupt_manager.c estimated size: 70

mcc_generated_files/examples/i2c_master_example.c
		_wr1RegCompleteHandler		CODE           	1AE5	0000	17
		_wr2RegCompleteHandler		CODE           	1AB2	0000	17
		_rdBlkRegCompleteHandler		CODE           	1B38	0000	24
		_rd1RegCompleteHandler		CODE           	1AC3	0000	17
		_rd2RegCompleteHandler		CODE           	1AD4	0000	17

mcc_generated_files/examples/i2c_master_example.c estimated size: 92

mcc_generated_files/pin_manager.c
		_PIN_MANAGER_Initialize		CODE           	1C20	0000	31

mcc_generated_files/pin_manager.c estimated size: 31

C:\Program Files\Microchip\xc8\v2.32\pic\sources\c99\common\nf_fputs.c
		_fputs         		CODE           	1DBF	0000	41

C:\Program Files\Microchip\xc8\v2.32\pic\sources\c99\common\nf_fputs.c estimated size: 41

mcc_generated_files/adc.c
		_ADC_Initialize		CODE           	1994	0000	8
		_ADC_GetConversion		CODE           	1C7D	0000	33

mcc_generated_files/adc.c estimated size: 41

C:\Program Files\Microchip\xc8\v2.32\pic\sources\c99\common\abs.c
		_abs           		CODE           	1C04	0000	28

C:\Program Files\Microchip\xc8\v2.32\pic\sources\c99\common\abs.c estimated size: 28

C:\Program Files\Microchip\xc8\v2.32\pic\sources\c99\common\aomod.c
		___aomod       		CODE           	14EC	0000	237

C:\Program Files\Microchip\xc8\v2.32\pic\sources\c99\common\aomod.c estimated size: 237

shared
		__initialization		CODE           	004C	0000	66
		_i2c_fsmStateTable		STRCODE        	1800	0000	32

shared estimated size: 98

I2C_LCD.c
		_LCD_Init      		CODE           	13CB	0000	140
		_LCD_Write_4Bit		CODE           	1B50	0000	24
		_LCD_Write_Char		CODE           	1B80	0000	25
		_LCD_CMD       		CODE           	1B68	0000	24
		_I2C_Master_Wait		CODE           	19E6	0000	12
		_I2C_Master_Init		CODE           	19DB	0000	11
		_I2C_Master_Stop		CODE           	1972	0000	6
		_I2C_Slave_Init		CODE           	1A73	0000	15
		_LCD_Set_Cursor		CODE           	1EF5	0000	47
		_LCD_Clear     		CODE           	19D2	0000	9
		_IO_Expander_Write		CODE           	1AF6	0000	21
		_I2C_Master_Write		CODE           	1A92	0000	16
		_I2C_Master_Start		CODE           	196C	0000	6
		_LCD_Write_String		CODE           	1C5E	0000	31

I2C_LCD.c estimated size: 387

mcc_generated_files/mcc.c
		_WDT_Initialize		CODE           	1930	0000	4
		_OSCILLATOR_Initialize		CODE           	19F2	0000	12
		_SYSTEM_Initialize		CODE           	1AA2	0000	16

mcc_generated_files/mcc.c estimated size: 32

display.c
		_displayManager		CODE           	112E	0000	81

display.c estimated size: 81

C:\Program Files\Microchip\xc8\v2.32\pic\sources\c99\common\strcat.c
		_strcat        		CODE           	1B21	0000	23

C:\Program Files\Microchip\xc8\v2.32\pic\sources\c99\common\strcat.c estimated size: 23

mcc_generated_files/i2c_master.c
		_I2C_MasterStartRx		CODE           	1910	0000	3
		_I2C_DO_SEND_ADR_WRITE		CODE           	198C	0000	8
		_I2C_DO_SEND_STOP		CODE           	194D	0000	5
		_I2C_MasterSendNack		CODE           	1924	0000	4
		_I2C_CallbackReturnStop		CODE           	1908	0000	2
		_I2C_DO_SEND_ADR_READ		CODE           	199C	0000	9
		_I2C_DO_RX_NACK_STOP		CODE           	1957	0000	5
		_I2C_DO_SEND_RESTART		CODE           	1948	0000	5
		_I2C_DO_RX     		CODE           	100E	0000	70
		_I2C_DO_TX     		CODE           	11D1	0000	87
		_I2C_DO_IDLE   		CODE           	1939	0000	5
		_I2C_DO_RCEN   		CODE           	197E	0000	7
		_I2C_DO_RESET  		CODE           	1961	0000	5
		_I2C_DO_RX_ACK 		CODE           	1952	0000	5
		_I2C_MasterClearIrq		CODE           	1919	0000	3
		_I2C_MasterGetRxData		CODE           	1913	0000	3
		_I2C_SetCallback		CODE           	1DE8	0000	42
		_I2C_DO_ADDRESS_NACK		CODE           	1E3E	0000	45
		_I2C_MasterEnableRestart		CODE           	190A	0000	3
		_I2C_CallbackReturnReset		CODE           	0002	0000	2
		_I2C_DO_TX_EMPTY		CODE           	1EC6	0000	47
		_I2C_DO_SEND_RESTART_WRITE		CODE           	1943	0000	5
		_I2C_MasterIsNack		CODE           	1966	0000	6
		_I2C_SetDataCompleteCallback		CODE           	19FE	0000	13
		_I2C_DO_RX_NACK_RESTART		CODE           	195C	0000	5
		_I2C_MasterSendAck		CODE           	1928	0000	4
		_I2C_MasterFsm 		CODE           	1E98	0000	46
		_I2C_MasterIsr 		CODE           	192C	0000	4
		_I2C_MasterSetIrq		CODE           	1916	0000	3
		_I2C_DO_SEND_RESTART_READ		CODE           	193E	0000	5
		_I2C_SetBuffer 		CODE           	1A82	0000	16
		_I2C_MasterSendTxData		CODE           	1934	0000	5
		_I2C_MasterStop		CODE           	190D	0000	3

mcc_generated_files/i2c_master.c estimated size: 480

mcc_generated_files/eusart.c
		_EUSART_SetRxInterruptHandler		CODE           	19C0	0000	9
		_EUSART_SetTxInterruptHandler		CODE           	19C9	0000	9
		_putch         		CODE           	1985	0000	7
		_EUSART_Read   		CODE           	1F24	0000	47
		_EUSART_DefaultOverrunErrorHandler		CODE           	1920	0000	4
		_EUSART_Write  		CODE           	1E6B	0000	45
		_EUSART_DefaultErrorHandler		CODE           	191C	0000	4
		_EUSART_Transmit_ISR		CODE           	1CBF	0000	34
		_EUSART_Initialize		CODE           	1054	0000	72
		_EUSART_SetFramingErrorHandler		CODE           	19AE	0000	9
		_EUSART_SetErrorHandler		CODE           	19A5	0000	9
		_EUSART_SetOverrunErrorHandler		CODE           	19B7	0000	9
		_EUSART_Receive_ISR		CODE           	1FBF	0000	65
		_EUSART_RxDataHandler		CODE           	1BB3	0000	27
		_EUSART_DefaultFramingErrorHandler		CODE           	1907	0000	1

mcc_generated_files/eusart.c estimated size: 351

C:\Program Files\Microchip\xc8\v2.32\pic\sources\c99\common\printf.c
		_printf        		CODE           	1B0B	0000	22

C:\Program Files\Microchip\xc8\v2.32\pic\sources\c99\common\printf.c estimated size: 22

C:\Program Files\Microchip\xc8\v2.32\pic\sources\c99\common\nf_fputc.c
		_fputc         		CODE           	117F	0000	82

C:\Program Files\Microchip\xc8\v2.32\pic\sources\c99\common\nf_fputc.c estimated size: 82

tester.c
		_okAlert       		CODE           	1C9E	0000	33
		_testR3        		CODE           	1D27	0000	35
		_alerteDefaut  		CODE           	1342	0000	137
		_initialConditions		CODE           	10E4	0000	74
		_attenteDemarrage3		CODE           	0C40	0000	439
		_setHorloge    		CODE           	1001	0000	13
		_errorAlert    		CODE           	109C	0000	72
		_alimenter     		CODE           	1A0B	0000	13
		_testR1        		CODE           	1CE1	0000	35
		_ledProgession 		CODE           	1A32	0000	13
		_attenteAquittement		CODE           	12DB	0000	103
		_startAlert    		CODE           	1D4A	0000	38
		_pressBP1      		CODE           	1A3F	0000	13
		_pressBP2      		CODE           	1A4C	0000	13
		_testNOK       		CODE           	1BCE	0000	27
		_ledConforme   		CODE           	1A18	0000	13
		_alerteDefautEtape16		CODE           	0806	0000	338
		_testR2        		CODE           	1D04	0000	35
		_ledNonConforme		CODE           	1A25	0000	13
		_setP1         		CODE           	1A59	0000	13
		_testOK        		CODE           	1BE9	0000	27
		_activerTouche 		CODE           	1C3F	0000	31
		_activerBuzzer 		CODE           	1E12	0000	44
		_sortieErreur  		CODE           	1228	0000	87
		_setP2         		CODE           	1A66	0000	13
		_reponseOperateur		CODE           	1457	0000	149

tester.c estimated size: 1821

C:\Program Files\Microchip\xc8\v2.32\pic\sources\c99\common\aodiv.c
		___aodiv       		CODE           	15D9	0000	261

C:\Program Files\Microchip\xc8\v2.32\pic\sources\c99\common\aodiv.c estimated size: 261

main.c
		_main          		CODE           	0AC8	0000	2779

main.c estimated size: 2779

C:\Program Files\Microchip\xc8\v2.32\pic\sources\c99\common\strlen.c
		_strlen        		CODE           	1B99	0000	26

C:\Program Files\Microchip\xc8\v2.32\pic\sources\c99\common\strlen.c estimated size: 26

C:\Program Files\Microchip\xc8\v2.32\pic\sources\c99\common\strcpy.c
		_strcpy        		CODE           	1D70	0000	39

C:\Program Files\Microchip\xc8\v2.32\pic\sources\c99\common\strcpy.c estimated size: 39

